Component: ARM Compiler 5.06 update 6 (build 750) Tool: armlink [4d35ed]

==============================================================================

Section Cross References

    startup_stm32f303xe.o(RESET) refers to startup_stm32f303xe.o(STACK) for __initial_sp
    startup_stm32f303xe.o(RESET) refers to startup_stm32f303xe.o(.text) for Reset_Handler
    startup_stm32f303xe.o(RESET) refers to stm32f3xx_it.o(i.NMI_Handler) for NMI_Handler
    startup_stm32f303xe.o(RESET) refers to stm32f3xx_it.o(i.HardFault_Handler) for HardFault_Handler
    startup_stm32f303xe.o(RESET) refers to stm32f3xx_it.o(i.MemManage_Handler) for MemManage_Handler
    startup_stm32f303xe.o(RESET) refers to stm32f3xx_it.o(i.BusFault_Handler) for BusFault_Handler
    startup_stm32f303xe.o(RESET) refers to stm32f3xx_it.o(i.UsageFault_Handler) for UsageFault_Handler
    startup_stm32f303xe.o(RESET) refers to stm32f3xx_it.o(i.SVC_Handler) for SVC_Handler
    startup_stm32f303xe.o(RESET) refers to stm32f3xx_it.o(i.DebugMon_Handler) for DebugMon_Handler
    startup_stm32f303xe.o(RESET) refers to stm32f3xx_it.o(i.PendSV_Handler) for PendSV_Handler
    startup_stm32f303xe.o(RESET) refers to stm32f3xx_it.o(i.SysTick_Handler) for SysTick_Handler
    startup_stm32f303xe.o(RESET) refers to template.o(i.EXTI9_5_IRQHandler) for EXTI9_5_IRQHandler
    startup_stm32f303xe.o(RESET) refers to stm32f3xx_it.o(i.TIM2_IRQHandler) for TIM2_IRQHandler
    startup_stm32f303xe.o(RESET) refers to stm32f3xx_it.o(i.TIM3_IRQHandler) for TIM3_IRQHandler
    startup_stm32f303xe.o(RESET) refers to template.o(i.USART2_IRQHandler) for USART2_IRQHandler
    startup_stm32f303xe.o(.text) refers to system_stm32f3xx.o(i.SystemInit) for SystemInit
    startup_stm32f303xe.o(.text) refers to entry.o(.ARM.Collect$$$$00000000) for __main
    main.o(i.LLC_RX) refers to printf8.o(i.__0printf$8) for __2printf
    main.o(i.LLC_RX) refers to malloc.o(i.free) for free
    main.o(i.LLC_RX) refers to main.o(.data) for .data
    main.o(i.LLC_RX) refers to main.o(.bss) for .bss
    main.o(i.LLC_RX) refers to main.o(.conststring) for .conststring
    main.o(i.MAC_RX) refers to template.o(i.isRxByteReady) for isRxByteReady
    main.o(i.MAC_RX) refers to template.o(i.getByte) for getByte
    main.o(i.MAC_RX) refers to stm32f3xx_hal_crc.o(i.HAL_CRC_Calculate) for HAL_CRC_Calculate
    main.o(i.MAC_RX) refers to stm32f3xx_hal_crc.o(i.HAL_CRC_Accumulate) for HAL_CRC_Accumulate
    main.o(i.MAC_RX) refers to malloc.o(i.malloc) for malloc
    main.o(i.MAC_RX) refers to main.o(.bss) for .bss
    main.o(i.MAC_RX) refers to main.o(.data) for .data
    main.o(i.MAC_TX) refers to template.o(i.isNewTxRequest) for isNewTxRequest
    main.o(i.MAC_TX) refers to stm32f3xx_hal_tim.o(i.HAL_TIM_Base_Stop_IT) for HAL_TIM_Base_Stop_IT
    main.o(i.MAC_TX) refers to template.o(i.getTxRequeset) for getTxRequeset
    main.o(i.MAC_TX) refers to malloc.o(i.malloc) for malloc
    main.o(i.MAC_TX) refers to stm32f3xx_hal_crc.o(i.HAL_CRC_Calculate) for HAL_CRC_Calculate
    main.o(i.MAC_TX) refers to stm32f3xx_hal_crc.o(i.HAL_CRC_Accumulate) for HAL_CRC_Accumulate
    main.o(i.MAC_TX) refers to malloc.o(i.free) for free
    main.o(i.MAC_TX) refers to template.o(i.isPhyTxReady) for isPhyTxReady
    main.o(i.MAC_TX) refers to template.o(i.sendByte) for sendByte
    main.o(i.MAC_TX) refers to stm32f3xx_hal_tim.o(i.HAL_TIM_Base_Start_IT) for HAL_TIM_Base_Start_IT
    main.o(i.MAC_TX) refers to main.o(.data) for .data
    main.o(i.MAC_TX) refers to main.o(.bss) for .bss
    main.o(i.MX_GPIO_Init) refers to stm32f3xx_hal_gpio.o(i.HAL_GPIO_WritePin) for HAL_GPIO_WritePin
    main.o(i.MX_GPIO_Init) refers to stm32f3xx_hal_gpio.o(i.HAL_GPIO_Init) for HAL_GPIO_Init
    main.o(i.MX_TIM2_Init) refers to stm32f3xx_hal_tim.o(i.HAL_TIM_Base_Init) for HAL_TIM_Base_Init
    main.o(i.MX_TIM2_Init) refers to stm32f3xx_hal_tim.o(i.HAL_TIM_ConfigClockSource) for HAL_TIM_ConfigClockSource
    main.o(i.MX_TIM2_Init) refers to stm32f3xx_hal_tim_ex.o(i.HAL_TIMEx_MasterConfigSynchronization) for HAL_TIMEx_MasterConfigSynchronization
    main.o(i.MX_TIM2_Init) refers to main.o(.bss) for .bss
    main.o(i.MX_TIM3_Init) refers to stm32f3xx_hal_tim.o(i.HAL_TIM_Base_Init) for HAL_TIM_Base_Init
    main.o(i.MX_TIM3_Init) refers to stm32f3xx_hal_tim.o(i.HAL_TIM_ConfigClockSource) for HAL_TIM_ConfigClockSource
    main.o(i.MX_TIM3_Init) refers to stm32f3xx_hal_tim_ex.o(i.HAL_TIMEx_MasterConfigSynchronization) for HAL_TIMEx_MasterConfigSynchronization
    main.o(i.MX_TIM3_Init) refers to main.o(.bss) for .bss
    main.o(i.MX_USART2_UART_Init) refers to stm32f3xx_hal_uart.o(i.HAL_UART_Init) for HAL_UART_Init
    main.o(i.MX_USART2_UART_Init) refers to main.o(.bss) for .bss
    main.o(i.SystemClock_Config) refers to stm32f3xx_hal_rcc.o(i.HAL_RCC_OscConfig) for HAL_RCC_OscConfig
    main.o(i.SystemClock_Config) refers to stm32f3xx_hal_rcc.o(i.HAL_RCC_ClockConfig) for HAL_RCC_ClockConfig
[...]
    Removing stm32f3xx_hal_flash.o(i.HAL_FLASH_EndOfOperationCallback), (2 bytes).
    Removing stm32f3xx_hal_flash.o(i.HAL_FLASH_GetError), (12 bytes).
    Removing stm32f3xx_hal_flash.o(i.HAL_FLASH_IRQHandler), (264 bytes).
    Removing stm32f3xx_hal_flash.o(i.HAL_FLASH_Lock), (20 bytes).
    Removing stm32f3xx_hal_flash.o(i.HAL_FLASH_OB_Launch), (24 bytes).
    Removing stm32f3xx_hal_flash.o(i.HAL_FLASH_OB_Lock), (20 bytes).
    Removing stm32f3xx_hal_flash.o(i.HAL_FLASH_OB_Unlock), (36 bytes).
    Removing stm32f3xx_hal_flash.o(i.HAL_FLASH_OperationErrorCallback), (2 bytes).
    Removing stm32f3xx_hal_flash.o(i.HAL_FLASH_Program), (132 bytes).
    Removing stm32f3xx_hal_flash.o(i.HAL_FLASH_Program_IT), (96 bytes).
    Removing stm32f3xx_hal_flash.o(i.HAL_FLASH_Unlock), (36 bytes).
    Removing stm32f3xx_hal_flash.o(.bss), (32 bytes).
    Removing stm32f3xx_hal_flash_ex.o(.rev16_text), (4 bytes).
    Removing stm32f3xx_hal_flash_ex.o(.revsh_text), (4 bytes).
    Removing stm32f3xx_hal_flash_ex.o(.rrx_text), (6 bytes).
    Removing stm32f3xx_hal_flash_ex.o(i.FLASH_MassErase), (36 bytes).
    Removing stm32f3xx_hal_flash_ex.o(i.FLASH_OB_DisableWRP), (176 bytes).
    Removing stm32f3xx_hal_flash_ex.o(i.FLASH_OB_EnableWRP), (176 bytes).
    Removing stm32f3xx_hal_flash_ex.o(i.FLASH_OB_GetRDP), (32 bytes).
    Removing stm32f3xx_hal_flash_ex.o(i.FLASH_OB_RDP_LevelConfig), (100 bytes).
    Removing stm32f3xx_hal_flash_ex.o(i.FLASH_PageErase), (36 bytes).
    Removing stm32f3xx_hal_flash_ex.o(i.HAL_FLASHEx_Erase), (168 bytes).
    Removing stm32f3xx_hal_flash_ex.o(i.HAL_FLASHEx_Erase_IT), (84 bytes).
    Removing stm32f3xx_hal_flash_ex.o(i.HAL_FLASHEx_OBErase), (84 bytes).
    Removing stm32f3xx_hal_flash_ex.o(i.HAL_FLASHEx_OBGetConfig), (48 bytes).
    Removing stm32f3xx_hal_flash_ex.o(i.HAL_FLASHEx_OBGetUserData), (48 bytes).
    Removing stm32f3xx_hal_flash_ex.o(i.HAL_FLASHEx_OBProgram), (200 bytes).
    Removing stm32f3xx_hal_i2c.o(.rev16_text), (4 bytes).
    Removing stm32f3xx_hal_i2c.o(.revsh_text), (4 bytes).
    Removing stm32f3xx_hal_i2c.o(.rrx_text), (6 bytes).
    Removing stm32f3xx_hal_i2c.o(i.HAL_I2C_AbortCpltCallback), (2 bytes).
    Removing stm32f3xx_hal_i2c.o(i.HAL_I2C_AddrCallback), (2 bytes).
    Removing stm32f3xx_hal_i2c.o(i.HAL_I2C_DeInit), (50 bytes).
    Removing stm32f3xx_hal_i2c.o(i.HAL_I2C_DisableListen_IT), (54 bytes).
    Removing stm32f3xx_hal_i2c.o(i.HAL_I2C_ER_IRQHandler), (98 bytes).
    Removing stm32f3xx_hal_i2c.o(i.HAL_I2C_EV_IRQHandler), (16 bytes).
    Removing stm32f3xx_hal_i2c.o(i.HAL_I2C_EnableListen_IT), (40 bytes).
    Removing stm32f3xx_hal_i2c.o(i.HAL_I2C_ErrorCallback), (2 bytes).
    Removing stm32f3xx_hal_i2c.o(i.HAL_I2C_GetError), (4 bytes).
    Removing stm32f3xx_hal_i2c.o(i.HAL_I2C_GetMode), (6 bytes).
    Removing stm32f3xx_hal_i2c.o(i.HAL_I2C_GetState), (6 bytes).
    Removing stm32f3xx_hal_i2c.o(i.HAL_I2C_Init), (184 bytes).
    Removing stm32f3xx_hal_i2c.o(i.HAL_I2C_IsDeviceReady), (288 bytes).
    Removing stm32f3xx_hal_i2c.o(i.HAL_I2C_ListenCpltCallback), (2 bytes).
    Removing stm32f3xx_hal_i2c.o(i.HAL_I2C_MasterRxCpltCallback), (2 bytes).
    Removing stm32f3xx_hal_i2c.o(i.HAL_I2C_MasterTxCpltCallback), (2 bytes).
    Removing stm32f3xx_hal_i2c.o(i.HAL_I2C_Master_Abort_IT), (94 bytes).
    Removing stm32f3xx_hal_i2c.o(i.HAL_I2C_Master_Receive), (300 bytes).
    Removing stm32f3xx_hal_i2c.o(i.HAL_I2C_Master_Receive_DMA), (240 bytes).
    Removing stm32f3xx_hal_i2c.o(i.HAL_I2C_Master_Receive_IT), (132 bytes).
    Removing stm32f3xx_hal_i2c.o(i.HAL_I2C_Master_Sequential_Receive_IT), (124 bytes).
    Removing stm32f3xx_hal_i2c.o(i.HAL_I2C_Master_Sequential_Transmit_IT), (124 bytes).
    Removing stm32f3xx_hal_i2c.o(i.HAL_I2C_Master_Transmit), (296 bytes).
    Removing stm32f3xx_hal_i2c.o(i.HAL_I2C_Master_Transmit_DMA), (244 bytes).
    Removing stm32f3xx_hal_i2c.o(i.HAL_I2C_Master_Transmit_IT), (132 bytes).
    Removing stm32f3xx_hal_i2c.o(i.HAL_I2C_MemRxCpltCallback), (2 bytes).
    Removing stm32f3xx_hal_i2c.o(i.HAL_I2C_MemTxCpltCallback), (2 bytes).
    Removing stm32f3xx_hal_i2c.o(i.HAL_I2C_Mem_Read), (364 bytes).
    Removing stm32f3xx_hal_i2c.o(i.HAL_I2C_Mem_Read_DMA), (264 bytes).
    Removing stm32f3xx_hal_i2c.o(i.HAL_I2C_Mem_Read_IT), (204 bytes).
    Removing stm32f3xx_hal_i2c.o(i.HAL_I2C_Mem_Write), (360 bytes).
    Removing stm32f3xx_hal_i2c.o(i.HAL_I2C_Mem_Write_DMA), (260 bytes).
    Removing stm32f3xx_hal_i2c.o(i.HAL_I2C_Mem_Write_IT), (200 bytes).
    Removing stm32f3xx_hal_i2c.o(i.HAL_I2C_MspDeInit), (2 bytes).
    Removing stm32f3xx_hal_i2c.o(i.HAL_I2C_MspInit), (2 bytes).
    Removing stm32f3xx_hal_i2c.o(i.HAL_I2C_SlaveRxCpltCallback), (2 bytes).
    Removing stm32f3xx_hal_i2c.o(i.HAL_I2C_SlaveTxCpltCallback), (2 bytes).
    Removing stm32f3xx_hal_i2c.o(i.HAL_I2C_Slave_Receive), (312 bytes).
    Removing stm32f3xx_hal_i2c.o(i.HAL_I2C_Slave_Receive_DMA), (164 bytes).
    Removing stm32f3xx_hal_i2c.o(i.HAL_I2C_Slave_Receive_IT), (92 bytes).
    Removing stm32f3xx_hal_i2c.o(i.HAL_I2C_Slave_Sequential_Receive_IT), (152 bytes).
    Removing stm32f3xx_hal_i2c.o(i.HAL_I2C_Slave_Sequential_Transmit_IT), (152 bytes).
    Removing stm32f3xx_hal_i2c.o(i.HAL_I2C_Slave_Transmit), (314 bytes).
    Removing stm32f3xx_hal_i2c.o(i.HAL_I2C_Slave_Transmit_DMA), (156 bytes).
    Removing stm32f3xx_hal_i2c.o(i.HAL_I2C_Slave_Transmit_IT), (92 bytes).
    Removing stm32f3xx_hal_i2c.o(i.I2C_DMAAbort), (50 bytes).
    Removing stm32f3xx_hal_i2c.o(i.I2C_DMAError), (18 bytes).
    Removing stm32f3xx_hal_i2c.o(i.I2C_DMAMasterReceiveCplt), (66 bytes).
    Removing stm32f3xx_hal_i2c.o(i.I2C_DMAMasterTransmitCplt), (66 bytes).
    Removing stm32f3xx_hal_i2c.o(i.I2C_DMASlaveReceiveCplt), (2 bytes).
    Removing stm32f3xx_hal_i2c.o(i.I2C_DMASlaveTransmitCplt), (2 bytes).
    Removing stm32f3xx_hal_i2c.o(i.I2C_Disable_IRQ), (88 bytes).
    Removing stm32f3xx_hal_i2c.o(i.I2C_Enable_IRQ), (96 bytes).
    Removing stm32f3xx_hal_i2c.o(i.I2C_Flush_TXDR), (34 bytes).
    Removing stm32f3xx_hal_i2c.o(i.I2C_ITAddrCplt), (136 bytes).
    Removing stm32f3xx_hal_i2c.o(i.I2C_ITError), (224 bytes).
    Removing stm32f3xx_hal_i2c.o(i.I2C_ITListenCplt), (92 bytes).
    Removing stm32f3xx_hal_i2c.o(i.I2C_ITMasterCplt), (180 bytes).
    Removing stm32f3xx_hal_i2c.o(i.I2C_ITMasterSequentialCplt), (76 bytes).
    Removing stm32f3xx_hal_i2c.o(i.I2C_ITSlaveCplt), (240 bytes).
    Removing stm32f3xx_hal_i2c.o(i.I2C_ITSlaveSequentialCplt), (84 bytes).
    Removing stm32f3xx_hal_i2c.o(i.I2C_IsAcknowledgeFailed), (128 bytes).
    Removing stm32f3xx_hal_i2c.o(i.I2C_Master_ISR_DMA), (196 bytes).
    Removing stm32f3xx_hal_i2c.o(i.I2C_Master_ISR_IT), (288 bytes).
    Removing stm32f3xx_hal_i2c.o(i.I2C_RequestMemoryRead), (110 bytes).
    Removing stm32f3xx_hal_i2c.o(i.I2C_RequestMemoryWrite), (110 bytes).
    Removing stm32f3xx_hal_i2c.o(i.I2C_Slave_ISR_DMA), (106 bytes).
    Removing stm32f3xx_hal_i2c.o(i.I2C_Slave_ISR_IT), (272 bytes).
    Removing stm32f3xx_hal_i2c.o(i.I2C_TransferConfig), (36 bytes).
    Removing stm32f3xx_hal_i2c.o(i.I2C_WaitOnFlagUntilTimeout), (82 bytes).
    Removing stm32f3xx_hal_i2c.o(i.I2C_WaitOnRXNEFlagUntilTimeout), (128 bytes).
    Removing stm32f3xx_hal_i2c.o(i.I2C_WaitOnSTOPFlagUntilTimeout), (78 bytes).
    Removing stm32f3xx_hal_i2c.o(i.I2C_WaitOnTXISFlagUntilTimeout), (82 bytes).
    Removing stm32f3xx_hal_i2c_ex.o(.rev16_text), (4 bytes).
    Removing stm32f3xx_hal_i2c_ex.o(.revsh_text), (4 bytes).
    Removing stm32f3xx_hal_i2c_ex.o(.rrx_text), (6 bytes).
    Removing stm32f3xx_hal_i2c_ex.o(i.HAL_I2CEx_ConfigAnalogFilter), (86 bytes).
    Removing stm32f3xx_hal_i2c_ex.o(i.HAL_I2CEx_ConfigDigitalFilter), (82 bytes).
    Removing stm32f3xx_hal_i2c_ex.o(i.HAL_I2CEx_DisableFastModePlus), (40 bytes).
    Removing stm32f3xx_hal_i2c_ex.o(i.HAL_I2CEx_DisableWakeUp), (78 bytes).
    Removing stm32f3xx_hal_i2c_ex.o(i.HAL_I2CEx_EnableFastModePlus), (40 bytes).
    Removing stm32f3xx_hal_i2c_ex.o(i.HAL_I2CEx_EnableWakeUp), (78 bytes).
    Removing system_stm32f3xx.o(.rev16_text), (4 bytes).
    Removing system_stm32f3xx.o(.revsh_text), (4 bytes).
    Removing system_stm32f3xx.o(.rrx_text), (6 bytes).
    Removing system_stm32f3xx.o(i.SystemCoreClockUpdate), (92 bytes).
    Removing dadd.o(.text), (334 bytes).
    Removing dmul.o(.text), (228 bytes).
    Removing ddiv.o(.text), (222 bytes).
    Removing dfixul.o(.text), (48 bytes).
    Removing cdrcmple.o(.text), (48 bytes).
    Removing depilogue.o(.text), (186 bytes).

441 unused section(s) (total 31382 bytes) removed from the image.

==============================================================================

Image Symbol Table

    Local Symbols

    Symbol Name                              Value     Ov Type        Size  Object(Section)

    ..//Src/system_stm32f3xx.c               0x00000000   Number         0  system_stm32f3xx.o ABSOLUTE
    ../Drivers/STM32F3xx_HAL_Driver/Src/stm32f3xx_hal.c 0x00000000   Number         0  stm32f3xx_hal.o ABSOLUTE
    ../Drivers/STM32F3xx_HAL_Driver/Src/stm32f3xx_hal_cortex.c 0x00000000   Number         0  stm32f3xx_hal_cortex.o ABSOLUTE
    ../Drivers/STM32F3xx_HAL_Driver/Src/stm32f3xx_hal_crc.c 0x00000000   Number         0  stm32f3xx_hal_crc.o ABSOLUTE
    ../Drivers/STM32F3xx_HAL_Driver/Src/stm32f3xx_hal_crc_ex.c 0x00000000   Number         0  stm32f3xx_hal_crc_ex.o ABSOLUTE
    ../Drivers/STM32F3xx_HAL_Driver/Src/stm32f3xx_hal_dma.c 0x00000000   Number         0  stm32f3xx_hal_dma.o ABSOLUTE
    ../Drivers/STM32F3xx_HAL_Driver/Src/stm32f3xx_hal_flash.c 0x00000000   Number         0  stm32f3xx_hal_flash.o ABSOLUTE
    ../Drivers/STM32F3xx_HAL_Driver/Src/stm32f3xx_hal_flash_ex.c 0x00000000   Number         0  stm32f3xx_hal_flash_ex.o ABSOLUTE
    ../Drivers/STM32F3xx_HAL_Driver/Src/stm32f3xx_hal_gpio.c 0x00000000   Number         0  stm32f3xx_hal_gpio.o ABSOLUTE
    ../Drivers/STM32F3xx_HAL_Driver/Src/stm32f3xx_hal_i2c.c 0x00000000   Number         0  stm32f3xx_hal_i2c.o ABSOLUTE
    ../Drivers/STM32F3xx_HAL_Driver/Src/stm32f3xx_hal_i2c_ex.c 0x00000000   Number         0  stm32f3xx_hal_i2c_ex.o ABSOLUTE
    ../Drivers/STM32F3xx_HAL_Driver/Src/stm32f3xx_hal_pwr.c 0x00000000   Number         0  stm32f3xx_hal_pwr.o ABSOLUTE
    ../Drivers/STM32F3xx_HAL_Driver/Src/stm32f3xx_hal_pwr_ex.c 0x00000000   Number         0  stm32f3xx_hal_pwr_ex.o ABSOLUTE
    ../Drivers/STM32F3xx_HAL_Driver/Src/stm32f3xx_hal_rcc.c 0x00000000   Number         0  stm32f3xx_hal_rcc.o ABSOLUTE
    ../Drivers/STM32F3xx_HAL_Driver/Src/stm32f3xx_hal_rcc_ex.c 0x00000000   Number         0  stm32f3xx_hal_rcc_ex.o ABSOLUTE
    ../Drivers/STM32F3xx_HAL_Driver/Src/stm32f3xx_hal_tim.c 0x00000000   Number         0  stm32f3xx_hal_tim.o ABSOLUTE
    ../Drivers/STM32F3xx_HAL_Driver/Src/stm32f3xx_hal_tim_ex.c 0x00000000   Number         0  stm32f3xx_hal_tim_ex.o ABSOLUTE
    ../Drivers/STM32F3xx_HAL_Driver/Src/stm32f3xx_hal_uart.c 0x00000000   Number         0  stm32f3xx_hal_uart.o ABSOLUTE
    ../Drivers/STM32F3xx_HAL_Driver/Src/stm32f3xx_hal_uart_ex.c 0x00000000   Number         0  stm32f3xx_hal_uart_ex.o ABSOLUTE
    ../Src/main.c                            0x00000000   Number         0  main.o ABSOLUTE
    ../Src/stm32f3xx_hal_msp.c               0x00000000   Number         0  stm32f3xx_hal_msp.o ABSOLUTE
    ../Src/stm32f3xx_it.c                    0x00000000   Number         0  stm32f3xx_it.o ABSOLUTE
    ../clib/microlib/ctype/ctype.c           0x00000000   Number         0  islower_o.o ABSOLUTE
    ../clib/microlib/ctype/ctype.c           0x00000000   Number         0  isgraph_o.o ABSOLUTE
    ../clib/microlib/ctype/ctype.c           0x00000000   Number         0  isdigit_o.o ABSOLUTE
    ../clib/microlib/ctype/ctype.c           0x00000000   Number         0  iscntrl_o.o ABSOLUTE
    ../clib/microlib/ctype/ctype.c           0x00000000   Number         0  ctype_o.o ABSOLUTE
    ../clib/microlib/ctype/ctype.c           0x00000000   Number         0  isblank_o.o ABSOLUTE
    ../clib/microlib/ctype/ctype.c           0x00000000   Number         0  isalnum_o.o ABSOLUTE
    ../clib/microlib/ctype/ctype.c           0x00000000   Number         0  isxdigit_o.o ABSOLUTE
    ../clib/microlib/ctype/ctype.c           0x00000000   Number         0  isupper_o.o ABSOLUTE
    ../clib/microlib/ctype/ctype.c           0x00000000   Number         0  isspace_o.o ABSOLUTE
    ../clib/microlib/ctype/ctype.c           0x00000000   Number         0  ispunct_o.o ABSOLUTE
    ../clib/microlib/ctype/ctype.c           0x00000000   Number         0  isprint_o.o ABSOLUTE
    ../clib/microlib/ctype/ctype.c           0x00000000   Number         0  isalpha_o.o ABSOLUTE
    ../clib/microlib/division.c              0x00000000   Number         0  uidiv.o ABSOLUTE
    ../clib/microlib/division.c              0x00000000   Number         0  uldiv.o ABSOLUTE
    ../clib/microlib/errno.c                 0x00000000   Number         0  errno.o ABSOLUTE
    ../clib/microlib/init/entry.s            0x00000000   Number         0  entry11b.o ABSOLUTE
    ../clib/microlib/init/entry.s            0x00000000   Number         0  entry9a.o ABSOLUTE
    ../clib/microlib/init/entry.s            0x00000000   Number         0  entry11a.o ABSOLUTE
    ../clib/microlib/init/entry.s            0x00000000   Number         0  entry10b.o ABSOLUTE
    ../clib/microlib/init/entry.s            0x00000000   Number         0  entry8b.o ABSOLUTE
    ../clib/microlib/init/entry.s            0x00000000   Number         0  entry8a.o ABSOLUTE
    ../clib/microlib/init/entry.s            0x00000000   Number         0  entry10a.o ABSOLUTE
    ../clib/microlib/init/entry.s            0x00000000   Number         0  entry7b.o ABSOLUTE
    ../clib/microlib/init/entry.s            0x00000000   Number         0  entry7a.o ABSOLUTE
    ../clib/microlib/init/entry.s            0x00000000   Number         0  entry9b.o ABSOLUTE
    ../clib/microlib/init/entry.s            0x00000000   Number         0  entry5.o ABSOLUTE
    ../clib/microlib/init/entry.s            0x00000000   Number         0  entry.o ABSOLUTE
    ../clib/microlib/init/entry.s            0x00000000   Number         0  entry2.o ABSOLUTE
    ../clib/microlib/longlong.c              0x00000000   Number         0  llushr.o ABSOLUTE
    ../clib/microlib/longlong.c              0x00000000   Number         0  llshl.o ABSOLUTE
    ../clib/microlib/longlong.c              0x00000000   Number         0  llsshr.o ABSOLUTE
    ../clib/microlib/malloc/malloc.c         0x00000000   Number         0  mallocra.o ABSOLUTE
    ../clib/microlib/malloc/malloc.c         0x00000000   Number         0  mallocr.o ABSOLUTE
    ../clib/microlib/malloc/malloc.c         0x00000000   Number         0  malloca.o ABSOLUTE
    ../clib/microlib/malloc/malloc.c         0x00000000   Number         0  malloc.o ABSOLUTE
    ../clib/microlib/malloc/mvars.c          0x00000000   Number         0  mvars.o ABSOLUTE
    ../clib/microlib/printf/printf.c         0x00000000   Number         0  printf7.o ABSOLUTE
    ../clib/microlib/printf/printf.c         0x00000000   Number         0  printfa.o ABSOLUTE
    ../clib/microlib/printf/printf.c         0x00000000   Number         0  printf8.o ABSOLUTE
    ../clib/microlib/printf/printf.c         0x00000000   Number         0  printf6.o ABSOLUTE
    ../clib/microlib/printf/printf.c         0x00000000   Number         0  printf5.o ABSOLUTE
    ../clib/microlib/printf/printf.c         0x00000000   Number         0  printf4.o ABSOLUTE
    ../clib/microlib/printf/printf.c         0x00000000   Number         0  printf3.o ABSOLUTE
    ../clib/microlib/printf/printf.c         0x00000000   Number         0  printf2.o ABSOLUTE
    ../clib/microlib/printf/printf.c         0x00000000   Number         0  printf1.o ABSOLUTE
    ../clib/microlib/printf/printf.c         0x00000000   Number         0  printf0.o ABSOLUTE
    ../clib/microlib/printf/printf.c         0x00000000   Number         0  printfb.o ABSOLUTE
    ../clib/microlib/printf/stubs.s          0x00000000   Number         0  stubs.o ABSOLUTE
    ../clib/microlib/stdio/puts.c            0x00000000   Number         0  puts_e.o ABSOLUTE
    ../clib/microlib/stdio/puts.c            0x00000000   Number         0  puts.o ABSOLUTE
    ../clib/microlib/stdio/streams.c         0x00000000   Number         0  stdout.o ABSOLUTE
    ../clib/microlib/string/memcpy.c         0x00000000   Number         0  memcpya.o ABSOLUTE
    ../clib/microlib/string/memcpy.c         0x00000000   Number         0  memcpyb.o ABSOLUTE
    ../clib/microlib/string/memset.c         0x00000000   Number         0  memseta.o ABSOLUTE
    ../clib/microlib/stubs.s                 0x00000000   Number         0  iusefp.o ABSOLUTE
    ../clib/scanf.c                          0x00000000   Number         0  strtol.o ABSOLUTE
    ../clib/scanf.c                          0x00000000   Number         0  _strtoul.o ABSOLUTE
    ../clib/scanf.c                          0x00000000   Number         0  _chval.o ABSOLUTE
    ../fplib/microlib/fpadd.c                0x00000000   Number         0  dadd.o ABSOLUTE
    ../fplib/microlib/fpdiv.c                0x00000000   Number         0  ddiv.o ABSOLUTE
    ../fplib/microlib/fpepilogue.c           0x00000000   Number         0  depilogue.o ABSOLUTE
    ../fplib/microlib/fpfix.c                0x00000000   Number         0  dfixul.o ABSOLUTE
    ../fplib/microlib/fpmul.c                0x00000000   Number         0  dmul.o ABSOLUTE
    ..\Drivers\STM32F3xx_HAL_Driver\Src\stm32f3xx_hal.c 0x00000000   Number         0  stm32f3xx_hal.o ABSOLUTE
    ..\Drivers\STM32F3xx_HAL_Driver\Src\stm32f3xx_hal_cortex.c 0x00000000   Number         0  stm32f3xx_hal_cortex.o ABSOLUTE
    ..\Drivers\STM32F3xx_HAL_Driver\Src\stm32f3xx_hal_crc.c 0x00000000   Number         0  stm32f3xx_hal_crc.o ABSOLUTE
    ..\Drivers\STM32F3xx_HAL_Driver\Src\stm32f3xx_hal_crc_ex.c 0x00000000   Number         0  stm32f3xx_hal_crc_ex.o ABSOLUTE
    ..\Drivers\STM32F3xx_HAL_Driver\Src\stm32f3xx_hal_dma.c 0x00000000   Number         0  stm32f3xx_hal_dma.o ABSOLUTE
    ..\Drivers\STM32F3xx_HAL_Driver\Src\stm32f3xx_hal_flash.c 0x00000000   Number         0  stm32f3xx_hal_flash.o ABSOLUTE
    ..\Drivers\STM32F3xx_HAL_Driver\Src\stm32f3xx_hal_flash_ex.c 0x00000000   Number         0  stm32f3xx_hal_flash_ex.o ABSOLUTE
    ..\Drivers\STM32F3xx_HAL_Driver\Src\stm32f3xx_hal_gpio.c 0x00000000   Number         0  stm32f3xx_hal_gpio.o ABSOLUTE
    ..\Drivers\STM32F3xx_HAL_Driver\Src\stm32f3xx_hal_i2c.c 0x00000000   Number         0  stm32f3xx_hal_i2c.o ABSOLUTE
    ..\Drivers\STM32F3xx_HAL_Driver\Src\stm32f3xx_hal_i2c_ex.c 0x00000000   Number         0  stm32f3xx_hal_i2c_ex.o ABSOLUTE
    ..\Drivers\STM32F3xx_HAL_Driver\Src\stm32f3xx_hal_pwr.c 0x00000000   Number         0  stm32f3xx_hal_pwr.o ABSOLUTE
    ..\Drivers\STM32F3xx_HAL_Driver\Src\stm32f3xx_hal_pwr_ex.c 0x00000000   Number         0  stm32f3xx_hal_pwr_ex.o ABSOLUTE
    ..\Drivers\STM32F3xx_HAL_Driver\Src\stm32f3xx_hal_rcc.c 0x00000000   Number         0  stm32f3xx_hal_rcc.o ABSOLUTE
    ..\Drivers\STM32F3xx_HAL_Driver\Src\stm32f3xx_hal_rcc_ex.c 0x00000000   Number         0  stm32f3xx_hal_rcc_ex.o ABSOLUTE
    ..\Drivers\STM32F3xx_HAL_Driver\Src\stm32f3xx_hal_tim.c 0x00000000   Number         0  stm32f3xx_hal_tim.o ABSOLUTE
    ..\Drivers\STM32F3xx_HAL_Driver\Src\stm32f3xx_hal_tim_ex.c 0x00000000   Number         0  stm32f3xx_hal_tim_ex.o ABSOLUTE
    ..\Drivers\STM32F3xx_HAL_Driver\Src\stm32f3xx_hal_uart.c 0x00000000   Number         0  stm32f3xx_hal_uart.o ABSOLUTE
    ..\Drivers\STM32F3xx_HAL_Driver\Src\stm32f3xx_hal_uart_ex.c 0x00000000   Number         0  stm32f3xx_hal_uart_ex.o ABSOLUTE
    ..\Src\main.c                            0x00000000   Number         0  main.o ABSOLUTE
    ..\Src\stm32f3xx_hal_msp.c               0x00000000   Number         0  stm32f3xx_hal_msp.o ABSOLUTE
    ..\Src\stm32f3xx_it.c                    0x00000000   Number         0  stm32f3xx_it.o ABSOLUTE
    ..\Src\template.c                        0x00000000   Number         0  template.o ABSOLUTE
    ..\\Src\\template.c                      0x00000000   Number         0  template.o ABSOLUTE
    ..\\Src\system_stm32f3xx.c               0x00000000   Number         0  system_stm32f3xx.o ABSOLUTE
    cdrcmple.s                               0x00000000   Number         0  cdrcmple.o ABSOLUTE
    dc.s                                     0x00000000   Number         0  dc.o ABSOLUTE
    handlers.s                               0x00000000   Number         0  handlers.o ABSOLUTE
    init.s                                   0x00000000   Number         0  init.o ABSOLUTE
    startup_stm32f303xe.s                    0x00000000   Number         0  startup_stm32f303xe.o ABSOLUTE
    RESET                                    0x08000000   Section      404  startup_stm32f303xe.o(RESET)
    .ARM.Collect$$$$00000000                 0x08000194   Section        0  entry.o(.ARM.Collect$$$$00000000)
    .ARM.Collect$$$$00000001                 0x08000194   Section        4  entry2.o(.ARM.Collect$$$$00000001)
    .ARM.Collect$$$$00000004                 0x08000198   Section        4  entry5.o(.ARM.Collect$$$$00000004)
    .ARM.Collect$$$$00000008                 0x0800019c   Section        0  entry7b.o(.ARM.Collect$$$$00000008)
    .ARM.Collect$$$$0000000A                 0x0800019c   Section        0  entry8b.o(.ARM.Collect$$$$0000000A)
    .ARM.Collect$$$$0000000B                 0x0800019c   Section        8  entry9a.o(.ARM.Collect$$$$0000000B)
    .ARM.Collect$$$$0000000D                 0x080001a4   Section        0  entry10a.o(.ARM.Collect$$$$0000000D)
    .ARM.Collect$$$$0000000F                 0x080001a4   Section        0  entry11a.o(.ARM.Collect$$$$0000000F)
    .ARM.Collect$$$$00002712                 0x080001a4   Section        4  entry2.o(.ARM.Collect$$$$00002712)
    __lit__00000000                          0x080001a4   Data           4  entry2.o(.ARM.Collect$$$$00002712)
    .text                                    0x080001a8   Section       36  startup_stm32f303xe.o(.text)
    $v0                                      0x080001a8   Number         0  startup_stm32f303xe.o(.text)
    .text                                    0x080001cc   Section        0  llushr.o(.text)
    .text                                    0x080001ec   Section        0  strtol.o(.text)
    .text                                    0x0800025c   Section        0  uldiv.o(.text)
    .text                                    0x080002c0   Section        0  ctype_o.o(.text)
    .text                                    0x080002c8   Section        0  _strtoul.o(.text)
    .text                                    0x08000368   Section       36  init.o(.text)
    .text                                    0x0800038c   Section        0  llshl.o(.text)
    .text                                    0x080003aa   Section        0  _chval.o(.text)
    i.BusFault_Handler                       0x080003c6   Section        0  stm32f3xx_it.o(i.BusFault_Handler)
    i.CRC_Handle_16                          0x080003c8   Section        0  stm32f3xx_hal_crc.o(i.CRC_Handle_16)
    CRC_Handle_16                            0x080003c9   Thumb Code    46  stm32f3xx_hal_crc.o(i.CRC_Handle_16)
    i.CRC_Handle_8                           0x080003f6   Section        0  stm32f3xx_hal_crc.o(i.CRC_Handle_8)
    CRC_Handle_8                             0x080003f7   Thumb Code   100  stm32f3xx_hal_crc.o(i.CRC_Handle_8)
    i.DebugMon_Handler                       0x0800045a   Section        0  stm32f3xx_it.o(i.DebugMon_Handler)
    i.EXTI9_5_IRQHandler                     0x0800045c   Section        0  template.o(i.EXTI9_5_IRQHandler)
    i.HAL_CRCEx_Polynomial_Set               0x08000504   Section        0  stm32f3xx_hal_crc_ex.o(i.HAL_CRCEx_Polynomial_Set)
    i.HAL_CRC_Accumulate                     0x0800054c   Section        0  stm32f3xx_hal_crc.o(i.HAL_CRC_Accumulate)
    i.HAL_CRC_Calculate                      0x080005a4   Section        0  stm32f3xx_hal_crc.o(i.HAL_CRC_Calculate)
    i.HAL_CRC_Init                           0x0800060c   Section        0  stm32f3xx_hal_crc.o(i.HAL_CRC_Init)
    i.HAL_CRC_MspInit                        0x08000680   Section        0  stm32f3xx_hal_msp.o(i.HAL_CRC_MspInit)
    i.HAL_DMA_Abort_IT                       0x080006a8   Section        0  stm32f3xx_hal_dma.o(i.HAL_DMA_Abort_IT)
    i.HAL_GPIO_EXTI_Callback                 0x080006f2   Section        0  stm32f3xx_hal_gpio.o(i.HAL_GPIO_EXTI_Callback)
    i.HAL_GPIO_EXTI_IRQHandler               0x080006f4   Section        0  stm32f3xx_hal_gpio.o(i.HAL_GPIO_EXTI_IRQHandler)
    i.HAL_GPIO_Init                          0x0800070c   Section        0  stm32f3xx_hal_gpio.o(i.HAL_GPIO_Init)
    i.HAL_GPIO_ReadPin                       0x080008b8   Section        0  stm32f3xx_hal_gpio.o(i.HAL_GPIO_ReadPin)
    i.HAL_GPIO_WritePin                      0x080008c2   Section        0  stm32f3xx_hal_gpio.o(i.HAL_GPIO_WritePin)
    i.HAL_GetTick                            0x080008cc   Section        0  stm32f3xx_hal.o(i.HAL_GetTick)
    i.HAL_IncTick                            0x080008d8   Section        0  stm32f3xx_hal.o(i.HAL_IncTick)
    i.HAL_Init                               0x080008e8   Section        0  stm32f3xx_hal.o(i.HAL_Init)
    i.HAL_InitTick                           0x0800090c   Section        0  stm32f3xx_hal.o(i.HAL_InitTick)
    i.HAL_MspInit                            0x08000934   Section        0  stm32f3xx_hal_msp.o(i.HAL_MspInit)
    i.HAL_NVIC_EnableIRQ                     0x080009b4   Section        0  stm32f3xx_hal_cortex.o(i.HAL_NVIC_EnableIRQ)
    i.HAL_NVIC_SetPriority                   0x080009cc   Section        0  stm32f3xx_hal_cortex.o(i.HAL_NVIC_SetPriority)
    i.HAL_NVIC_SetPriorityGrouping           0x08000a0c   Section        0  stm32f3xx_hal_cortex.o(i.HAL_NVIC_SetPriorityGrouping)
    i.HAL_RCCEx_PeriphCLKConfig              0x08000a30   Section        0  stm32f3xx_hal_rcc_ex.o(i.HAL_RCCEx_PeriphCLKConfig)
    i.HAL_RCC_ClockConfig                    0x08000cc4   Section        0  stm32f3xx_hal_rcc.o(i.HAL_RCC_ClockConfig)
    i.HAL_RCC_GetHCLKFreq                    0x08000e44   Section        0  stm32f3xx_hal_rcc.o(i.HAL_RCC_GetHCLKFreq)
    i.HAL_RCC_GetPCLK1Freq                   0x08000e50   Section        0  stm32f3xx_hal_rcc.o(i.HAL_RCC_GetPCLK1Freq)
    i.HAL_RCC_GetPCLK2Freq                   0x08000e80   Section        0  stm32f3xx_hal_rcc.o(i.HAL_RCC_GetPCLK2Freq)
    i.HAL_RCC_GetSysClockFreq                0x08000eb0   Section        0  stm32f3xx_hal_rcc.o(i.HAL_RCC_GetSysClockFreq)
    i.HAL_RCC_OscConfig                      0x08000f08   Section        0  stm32f3xx_hal_rcc.o(i.HAL_RCC_OscConfig)
    i.HAL_SYSTICK_CLKSourceConfig            0x080014b2   Section        0  stm32f3xx_hal_cortex.o(i.HAL_SYSTICK_CLKSourceConfig)
    i.HAL_SYSTICK_Callback                   0x080014ca   Section        0  stm32f3xx_hal_cortex.o(i.HAL_SYSTICK_Callback)
    i.HAL_SYSTICK_Config                     0x080014cc   Section        0  stm32f3xx_hal_cortex.o(i.HAL_SYSTICK_Config)
    i.HAL_SYSTICK_IRQHandler                 0x080014f4   Section        0  stm32f3xx_hal_cortex.o(i.HAL_SYSTICK_IRQHandler)
    i.HAL_TIMEx_BreakCallback                0x080014fc   Section        0  stm32f3xx_hal_tim_ex.o(i.HAL_TIMEx_BreakCallback)
    i.HAL_TIMEx_CommutationCallback          0x080014fe   Section        0  stm32f3xx_hal_tim_ex.o(i.HAL_TIMEx_CommutationCallback)
    i.HAL_TIMEx_MasterConfigSynchronization  0x08001500   Section        0  stm32f3xx_hal_tim_ex.o(i.HAL_TIMEx_MasterConfigSynchronization)
    i.HAL_TIM_Base_Init                      0x08001560   Section        0  stm32f3xx_hal_tim.o(i.HAL_TIM_Base_Init)
    i.HAL_TIM_Base_MspInit                   0x08001598   Section        0  stm32f3xx_hal_msp.o(i.HAL_TIM_Base_MspInit)
    i.HAL_TIM_Base_Start_IT                  0x080015f8   Section        0  stm32f3xx_hal_tim.o(i.HAL_TIM_Base_Start_IT)
    i.HAL_TIM_Base_Stop_IT                   0x08001610   Section        0  stm32f3xx_hal_tim.o(i.HAL_TIM_Base_Stop_IT)
    i.HAL_TIM_ConfigClockSource              0x0800163c   Section        0  stm32f3xx_hal_tim.o(i.HAL_TIM_ConfigClockSource)
    i.HAL_TIM_IC_CaptureCallback             0x08001734   Section        0  stm32f3xx_hal_tim.o(i.HAL_TIM_IC_CaptureCallback)
    i.HAL_TIM_IRQHandler                     0x08001736   Section        0  stm32f3xx_hal_tim.o(i.HAL_TIM_IRQHandler)
    i.HAL_TIM_OC_DelayElapsedCallback        0x0800189c   Section        0  stm32f3xx_hal_tim.o(i.HAL_TIM_OC_DelayElapsedCallback)
    i.HAL_TIM_PWM_PulseFinishedCallback      0x0800189e   Section        0  stm32f3xx_hal_tim.o(i.HAL_TIM_PWM_PulseFinishedCallback)
    i.HAL_TIM_PeriodElapsedCallback          0x080018a0   Section        0  stm32f3xx_hal_tim.o(i.HAL_TIM_PeriodElapsedCallback)
    i.HAL_TIM_TriggerCallback                0x080018a2   Section        0  stm32f3xx_hal_tim.o(i.HAL_TIM_TriggerCallback)
    i.HAL_UARTEx_WakeupCallback              0x080018a4   Section        0  stm32f3xx_hal_uart_ex.o(i.HAL_UARTEx_WakeupCallback)
    i.HAL_UART_ErrorCallback                 0x080018a6   Section        0  stm32f3xx_hal_uart.o(i.HAL_UART_ErrorCallback)
    i.HAL_UART_IRQHandler                    0x080018a8   Section        0  stm32f3xx_hal_uart.o(i.HAL_UART_IRQHandler)
    i.HAL_UART_Init                          0x080019e8   Section        0  stm32f3xx_hal_uart.o(i.HAL_UART_Init)
    i.HAL_UART_MspInit                       0x08001a54   Section        0  stm32f3xx_hal_msp.o(i.HAL_UART_MspInit)
    i.HAL_UART_Receive_IT                    0x08001a9c   Section        0  stm32f3xx_hal_uart.o(i.HAL_UART_Receive_IT)
    i.HAL_UART_RxCpltCallback                0x08001b28   Section        0  stm32f3xx_hal_uart.o(i.HAL_UART_RxCpltCallback)
    i.HAL_UART_Transmit                      0x08001b2a   Section        0  stm32f3xx_hal_uart.o(i.HAL_UART_Transmit)
    i.HAL_UART_TxCpltCallback                0x08001bde   Section        0  stm32f3xx_hal_uart.o(i.HAL_UART_TxCpltCallback)
    i.HardFault_Handler                      0x08001be0   Section        0  stm32f3xx_it.o(i.HardFault_Handler)
    i.LLC_RX                                 0x08001be4   Section        0  main.o(i.LLC_RX)
    i.MAC_RX                                 0x08001d08   Section        0  main.o(i.MAC_RX)
    i.MAC_TX                                 0x08001e8c   Section        0  main.o(i.MAC_TX)
    i.MX_GPIO_Init                           0x08002030   Section        0  main.o(i.MX_GPIO_Init)
    MX_GPIO_Init                             0x08002031   Thumb Code   190  main.o(i.MX_GPIO_Init)
    i.MX_TIM2_Init                           0x08002100   Section        0  main.o(i.MX_TIM2_Init)
    MX_TIM2_Init                             0x08002101   Thumb Code    80  main.o(i.MX_TIM2_Init)
    i.MX_TIM3_Init                           0x08002154   Section        0  main.o(i.MX_TIM3_Init)
    MX_TIM3_Init                             0x08002155   Thumb Code    78  main.o(i.MX_TIM3_Init)
    i.MX_USART2_UART_Init                    0x080021ac   Section        0  main.o(i.MX_USART2_UART_Init)
    MX_USART2_UART_Init                      0x080021ad   Thumb Code    46  main.o(i.MX_USART2_UART_Init)
    i.MemManage_Handler                      0x080021e4   Section        0  stm32f3xx_it.o(i.MemManage_Handler)
    i.NMI_Handler                            0x080021e6   Section        0  stm32f3xx_it.o(i.NMI_Handler)
    i.NVIC_SetPriority                       0x080021e8   Section        0  stm32f3xx_hal_cortex.o(i.NVIC_SetPriority)
    NVIC_SetPriority                         0x080021e9   Thumb Code    32  stm32f3xx_hal_cortex.o(i.NVIC_SetPriority)
    i.PendSV_Handler                         0x08002208   Section        0  stm32f3xx_it.o(i.PendSV_Handler)
    i.SVC_Handler                            0x0800220a   Section        0  stm32f3xx_it.o(i.SVC_Handler)
    i.SysTick_Handler                        0x0800220c   Section        0  stm32f3xx_it.o(i.SysTick_Handler)
    i.SystemClock_Config                     0x0800221c   Section        0  main.o(i.SystemClock_Config)
    i.SystemInit                             0x080022a0   Section        0  system_stm32f3xx.o(i.SystemInit)
    i.TIM2_IRQHandler                        0x08002308   Section        0  stm32f3xx_it.o(i.TIM2_IRQHandler)
    i.TIM3_IRQHandler                        0x0800231c   Section        0  stm32f3xx_it.o(i.TIM3_IRQHandler)
    i.TIM_Base_SetConfig                     0x08002330   Section        0  stm32f3xx_hal_tim.o(i.TIM_Base_SetConfig)
    i.TIM_ETR_SetConfig                      0x080023f4   Section        0  stm32f3xx_hal_tim.o(i.TIM_ETR_SetConfig)
    i.TIM_ITRx_SetConfig                     0x08002408   Section        0  stm32f3xx_hal_tim.o(i.TIM_ITRx_SetConfig)
    TIM_ITRx_SetConfig                       0x08002409   Thumb Code    16  stm32f3xx_hal_tim.o(i.TIM_ITRx_SetConfig)
    i.TIM_TI1_ConfigInputStage               0x08002418   Section        0  stm32f3xx_hal_tim.o(i.TIM_TI1_ConfigInputStage)
    TIM_TI1_ConfigInputStage                 0x08002419   Thumb Code    34  stm32f3xx_hal_tim.o(i.TIM_TI1_ConfigInputStage)
    i.TIM_TI2_ConfigInputStage               0x0800243a   Section        0  stm32f3xx_hal_tim.o(i.TIM_TI2_ConfigInputStage)
    TIM_TI2_ConfigInputStage                 0x0800243b   Thumb Code    36  stm32f3xx_hal_tim.o(i.TIM_TI2_ConfigInputStage)
    i.UART_AdvFeatureConfig                  0x0800245e   Section        0  stm32f3xx_hal_uart.o(i.UART_AdvFeatureConfig)
    i.UART_CheckIdleState                    0x08002526   Section        0  stm32f3xx_hal_uart.o(i.UART_CheckIdleState)
    i.UART_DMAAbortOnError                   0x08002582   Section        0  stm32f3xx_hal_uart.o(i.UART_DMAAbortOnError)
    UART_DMAAbortOnError                     0x08002583   Thumb Code    20  stm32f3xx_hal_uart.o(i.UART_DMAAbortOnError)
    i.UART_EndRxTransfer                     0x08002596   Section        0  stm32f3xx_hal_uart.o(i.UART_EndRxTransfer)
    UART_EndRxTransfer                       0x08002597   Thumb Code    28  stm32f3xx_hal_uart.o(i.UART_EndRxTransfer)
    i.UART_EndTransmit_IT                    0x080025b2   Section        0  stm32f3xx_hal_uart.o(i.UART_EndTransmit_IT)
    i.UART_Receive_IT                        0x080025cc   Section        0  stm32f3xx_hal_uart.o(i.UART_Receive_IT)
    i.UART_SetConfig                         0x08002644   Section        0  stm32f3xx_hal_uart.o(i.UART_SetConfig)
    i.UART_Transmit_IT                       0x08002818   Section        0  stm32f3xx_hal_uart.o(i.UART_Transmit_IT)
    i.UART_WaitOnFlagUntilTimeout            0x0800287a   Section        0  stm32f3xx_hal_uart.o(i.UART_WaitOnFlagUntilTimeout)
    i.USART2_IRQHandler                      0x080028dc   Section        0  template.o(i.USART2_IRQHandler)
    i.UsageFault_Handler                     0x080029fc   Section        0  stm32f3xx_it.o(i.UsageFault_Handler)
    i.__0printf$8                            0x08002a00   Section        0  printf8.o(i.__0printf$8)
    i.__aeabi_errno_addr                     0x08002a20   Section        0  errno.o(i.__aeabi_errno_addr)
    i.__scatterload_copy                     0x08002a28   Section       14  handlers.o(i.__scatterload_copy)
    i.__scatterload_null                     0x08002a36   Section        2  handlers.o(i.__scatterload_null)
    i.__scatterload_zeroinit                 0x08002a38   Section       14  handlers.o(i.__scatterload_zeroinit)
    i._printf_core                           0x08002a48   Section        0  printf8.o(i._printf_core)
    _printf_core                             0x08002a49   Thumb Code   996  printf8.o(i._printf_core)
    i._printf_post_padding                   0x08002e58   Section        0  printf8.o(i._printf_post_padding)
    _printf_post_padding                     0x08002e59   Thumb Code    36  printf8.o(i._printf_post_padding)
    i._printf_pre_padding                    0x08002e7c   Section        0  printf8.o(i._printf_pre_padding)
    _printf_pre_padding                      0x08002e7d   Thumb Code    46  printf8.o(i._printf_pre_padding)
    i.debug                                  0x08002eac   Section        0  main.o(i.debug)
    i.fputc                                  0x08002f04   Section        0  template.o(i.fputc)
    i.free                                   0x08002f1c   Section        0  malloc.o(i.free)
    i.getByte                                0x08002f6c   Section        0  template.o(i.getByte)
    i.getTxRequeset                          0x08002f7c   Section        0  template.o(i.getTxRequeset)
    i.isNewTxRequest                         0x08002f94   Section        0  template.o(i.isNewTxRequest)
    i.isPhyTxReady                           0x08002fac   Section        0  template.o(i.isPhyTxReady)
    i.isRxByteReady                          0x08002fc0   Section        0  template.o(i.isRxByteReady)
    i.main                                   0x08002fcc   Section        0  main.o(i.main)
    i.malloc                                 0x080030fc   Section        0  malloc.o(i.malloc)
    i.printer                                0x08003168   Section        0  template.o(i.printer)
    i.puts                                   0x080031e0   Section        0  puts.o(i.puts)
    i.readBus                                0x08003204   Section        0  template.o(i.readBus)
    i.sendByte                               0x08003260   Section        0  template.o(i.sendByte)
    .constdata                               0x08003278   Section       32  stm32f3xx_hal_rcc.o(.constdata)
    .constdata                               0x08003298   Section       16  system_stm32f3xx.o(.constdata)
    .constdata                               0x080032a8   Section        8  system_stm32f3xx.o(.constdata)
    .constdata                               0x080032b0   Section      129  ctype_o.o(.constdata)
    .constdata                               0x08003334   Section        4  ctype_o.o(.constdata)
    table                                    0x08003334   Data           4  ctype_o.o(.constdata)
    .conststring                             0x08003338   Section      501  main.o(.conststring)
    .conststring                             0x08003530   Section      446  template.o(.conststring)
    .data                                    0x20000000   Section       66  main.o(.data)
    data_size                                0x2000000a   Data           2  main.o(.data)
    data_size                                0x20000010   Data           4  main.o(.data)
    rx_frame_counter                         0x20000014   Data           4  main.o(.data)
    timer_on                                 0x20000018   Data           4  main.o(.data)
    preamble_counter                         0x2000001c   Data           4  main.o(.data)
    timer                                    0x20000020   Data           4  main.o(.data)
    frame                                    0x20000024   Data           4  main.o(.data)
    timer_on                                 0x20000028   Data           4  main.o(.data)
    frame_size                               0x2000002c   Data           4  main.o(.data)
    i                                        0x20000030   Data           4  main.o(.data)
    CRC_res                                  0x20000034   Data           4  main.o(.data)
    tx_ready_to_send                         0x20000038   Data           4  main.o(.data)
    .data                                    0x20000044   Section       24  template.o(.data)
    edge                                     0x2000004a   Data           1  template.o(.data)
    FalseInterrupt_cut                       0x2000004b   Data           1  template.o(.data)
    DataBusToWrite                           0x2000004c   Data           1  template.o(.data)
    setDataBusValidValue                     0x2000004d   Data           1  template.o(.data)
    uartState                                0x2000004e   Data           1  template.o(.data)
    index                                    0x20000050   Data           2  template.o(.data)
    macVal                                   0x20000052   Data           3  template.o(.data)
    .data                                    0x2000005c   Section        1  template.o(.data)
    .data                                    0x20000060   Section        4  stm32f3xx_hal.o(.data)
    .data                                    0x20000064   Section        4  system_stm32f3xx.o(.data)
    .data                                    0x20000068   Section        4  stdout.o(.data)
    .data                                    0x2000006c   Section        4  mvars.o(.data)
    .data                                    0x20000070   Section        4  mvars.o(.data)
    .data                                    0x20000074   Section        4  errno.o(.data)
    _errno                                   0x20000074   Data           4  errno.o(.data)
    .bss                                     0x20000078   Section     1828  main.o(.bss)
    rx_frame                                 0x20000078   Data        1522  main.o(.bss)
    HEAP                                     0x200007a0   Section    57344  startup_stm32f303xe.o(HEAP)
    STACK                                    0x2000e7a0   Section     5120  startup_stm32f303xe.o(STACK)

    Global Symbols

    Symbol Name                              Value     Ov Type        Size  Object(Section)

    BuildAttributes$$THM_ISAv4$E$P$D$K$B$S$7EM$VFPi3$EXTD16$VFPS$VFMA$PE$A:L22UL41UL21$X:L11$S22US41US21$IEEE1$IW$USESV6$~STKCKD$USESV7$~SHL$OSPACE$ROPI$EBA8$MICROLIB$REQ8$PRES8$EABIv2 0x00000000   Number         0  anon$$obj.o ABSOLUTE
    __ARM_use_no_argv                        0x00000000   Number         0  main.o ABSOLUTE
    _printf_a                                0x00000000   Number         0  stubs.o ABSOLUTE
    _printf_c                                0x00000000   Number         0  stubs.o ABSOLUTE
    _printf_charcount                        0x00000000   Number         0  stubs.o ABSOLUTE
    _printf_d                                0x00000000   Number         0  stubs.o ABSOLUTE
    _printf_e                                0x00000000   Number         0  stubs.o ABSOLUTE
    _printf_f                                0x00000000   Number         0  stubs.o ABSOLUTE
    _printf_flags                            0x00000000   Number         0  stubs.o ABSOLUTE
    _printf_fp_dec                           0x00000000   Number         0  stubs.o ABSOLUTE
    _printf_fp_hex                           0x00000000   Number         0  stubs.o ABSOLUTE
    _printf_g                                0x00000000   Number         0  stubs.o ABSOLUTE
    _printf_i                                0x00000000   Number         0  stubs.o ABSOLUTE
    _printf_int_dec                          0x00000000   Number         0  stubs.o ABSOLUTE
    _printf_l                                0x00000000   Number         0  stubs.o ABSOLUTE
    _printf_lc                               0x00000000   Number         0  stubs.o ABSOLUTE
    _printf_ll                               0x00000000   Number         0  stubs.o ABSOLUTE
    _printf_lld                              0x00000000   Number         0  stubs.o ABSOLUTE
    _printf_lli                              0x00000000   Number         0  stubs.o ABSOLUTE
    _printf_llo                              0x00000000   Number         0  stubs.o ABSOLUTE
    _printf_llu                              0x00000000   Number         0  stubs.o ABSOLUTE
    _printf_llx                              0x00000000   Number         0  stubs.o ABSOLUTE
    _printf_longlong_dec                     0x00000000   Number         0  stubs.o ABSOLUTE
    _printf_longlong_hex                     0x00000000   Number         0  stubs.o ABSOLUTE
    _printf_longlong_oct                     0x00000000   Number         0  stubs.o ABSOLUTE
    _printf_ls                               0x00000000   Number         0  stubs.o ABSOLUTE
    _printf_mbtowc                           0x00000000   Number         0  stubs.o ABSOLUTE
    _printf_n                                0x00000000   Number         0  stubs.o ABSOLUTE
    _printf_o                                0x00000000   Number         0  stubs.o ABSOLUTE
    _printf_p                                0x00000000   Number         0  stubs.o ABSOLUTE
    _printf_percent                          0x00000000   Number         0  stubs.o ABSOLUTE
    _printf_pre_padding                      0x00000000   Number         0  stubs.o ABSOLUTE
    _printf_return_value                     0x00000000   Number         0  stubs.o ABSOLUTE
    _printf_s                                0x00000000   Number         0  stubs.o ABSOLUTE
    _printf_sizespec                         0x00000000   Number         0  stubs.o ABSOLUTE
    _printf_str                              0x00000000   Number         0  stubs.o ABSOLUTE
    _printf_truncate_signed                  0x00000000   Number         0  stubs.o ABSOLUTE
    _printf_truncate_unsigned                0x00000000   Number         0  stubs.o ABSOLUTE
    _printf_u                                0x00000000   Number         0  stubs.o ABSOLUTE
    _printf_wc                               0x00000000   Number         0  stubs.o ABSOLUTE
    _printf_wctomb                           0x00000000   Number         0  stubs.o ABSOLUTE
    _printf_widthprec                        0x00000000   Number         0  stubs.o ABSOLUTE
    _printf_x                                0x00000000   Number         0  stubs.o ABSOLUTE
    __cpp_initialize__aeabi_                  - Undefined Weak Reference
    __cxa_finalize                            - Undefined Weak Reference
    __decompress                              - Undefined Weak Reference
    _clock_init                               - Undefined Weak Reference
    _microlib_exit                            - Undefined Weak Reference
    __Vectors_Size                           0x00000194   Number         0  startup_stm32f303xe.o ABSOLUTE
    __Vectors                                0x08000000   Data           4  startup_stm32f303xe.o(RESET)
    __Vectors_End                            0x08000194   Data           0  startup_stm32f303xe.o(RESET)
    __main                                   0x08000195   Thumb Code     0  entry.o(.ARM.Collect$$$$00000000)
    _main_stk                                0x08000195   Thumb Code     0  entry2.o(.ARM.Collect$$$$00000001)
    _main_scatterload                        0x08000199   Thumb Code     0  entry5.o(.ARM.Collect$$$$00000004)
    __main_after_scatterload                 0x0800019d   Thumb Code     0  entry5.o(.ARM.Collect$$$$00000004)
    _main_clock                              0x0800019d   Thumb Code     0  entry7b.o(.ARM.Collect$$$$00000008)
    _main_cpp_init                           0x0800019d   Thumb Code     0  entry8b.o(.ARM.Collect$$$$0000000A)
    _main_init                               0x0800019d   Thumb Code     0  entry9a.o(.ARM.Collect$$$$0000000B)
    __rt_final_cpp                           0x080001a5   Thumb Code     0  entry10a.o(.ARM.Collect$$$$0000000D)
    __rt_final_exit                          0x080001a5   Thumb Code     0  entry11a.o(.ARM.Collect$$$$0000000F)
    Reset_Handler                            0x080001a9   Thumb Code     8  startup_stm32f303xe.o(.text)
    ADC1_2_IRQHandler                        0x080001c3   Thumb Code     0  startup_stm32f303xe.o(.text)
    ADC3_IRQHandler                          0x080001c3   Thumb Code     0  startup_stm32f303xe.o(.text)
    ADC4_IRQHandler                          0x080001c3   Thumb Code     0  startup_stm32f303xe.o(.text)
    CAN_RX1_IRQHandler                       0x080001c3   Thumb Code     0  startup_stm32f303xe.o(.text)
    CAN_SCE_IRQHandler                       0x080001c3   Thumb Code     0  startup_stm32f303xe.o(.text)
    COMP1_2_3_IRQHandler                     0x080001c3   Thumb Code     0  startup_stm32f303xe.o(.text)
    COMP4_5_6_IRQHandler                     0x080001c3   Thumb Code     0  startup_stm32f303xe.o(.text)
    COMP7_IRQHandler                         0x080001c3   Thumb Code     0  startup_stm32f303xe.o(.text)
    DMA1_Channel1_IRQHandler                 0x080001c3   Thumb Code     0  startup_stm32f303xe.o(.text)
    DMA1_Channel2_IRQHandler                 0x080001c3   Thumb Code     0  startup_stm32f303xe.o(.text)
    DMA1_Channel3_IRQHandler                 0x080001c3   Thumb Code     0  startup_stm32f303xe.o(.text)
    DMA1_Channel4_IRQHandler                 0x080001c3   Thumb Code     0  startup_stm32f303xe.o(.text)
    DMA1_Channel5_IRQHandler                 0x080001c3   Thumb Code     0  startup_stm32f303xe.o(.text)
    DMA1_Channel6_IRQHandler                 0x080001c3   Thumb Code     0  startup_stm32f303xe.o(.text)
    DMA1_Channel7_IRQHandler                 0x080001c3   Thumb Code     0  startup_stm32f303xe.o(.text)
    DMA2_Channel1_IRQHandler                 0x080001c3   Thumb Code     0  startup_stm32f303xe.o(.text)
    DMA2_Channel2_IRQHandler                 0x080001c3   Thumb Code     0  startup_stm32f303xe.o(.text)
    DMA2_Channel3_IRQHandler                 0x080001c3   Thumb Code     0  startup_stm32f303xe.o(.text)
    DMA2_Channel4_IRQHandler                 0x080001c3   Thumb Code     0  startup_stm32f303xe.o(.text)
    DMA2_Channel5_IRQHandler                 0x080001c3   Thumb Code     0  startup_stm32f303xe.o(.text)
    EXTI0_IRQHandler                         0x080001c3   Thumb Code     0  startup_stm32f303xe.o(.text)
    EXTI15_10_IRQHandler                     0x080001c3   Thumb Code     0  startup_stm32f303xe.o(.text)
    EXTI1_IRQHandler                         0x080001c3   Thumb Code     0  startup_stm32f303xe.o(.text)
    EXTI2_TSC_IRQHandler                     0x080001c3   Thumb Code     0  startup_stm32f303xe.o(.text)
    EXTI3_IRQHandler                         0x080001c3   Thumb Code     0  startup_stm32f303xe.o(.text)
    EXTI4_IRQHandler                         0x080001c3   Thumb Code     0  startup_stm32f303xe.o(.text)
    FLASH_IRQHandler                         0x080001c3   Thumb Code     0  startup_stm32f303xe.o(.text)
    FMC_IRQHandler                           0x080001c3   Thumb Code     0  startup_stm32f303xe.o(.text)
    FPU_IRQHandler                           0x080001c3   Thumb Code     0  startup_stm32f303xe.o(.text)
    I2C1_ER_IRQHandler                       0x080001c3   Thumb Code     0  startup_stm32f303xe.o(.text)
    I2C1_EV_IRQHandler                       0x080001c3   Thumb Code     0  startup_stm32f303xe.o(.text)
    I2C2_ER_IRQHandler                       0x080001c3   Thumb Code     0  startup_stm32f303xe.o(.text)
    I2C2_EV_IRQHandler                       0x080001c3   Thumb Code     0  startup_stm32f303xe.o(.text)
    I2C3_ER_IRQHandler                       0x080001c3   Thumb Code     0  startup_stm32f303xe.o(.text)
    I2C3_EV_IRQHandler                       0x080001c3   Thumb Code     0  startup_stm32f303xe.o(.text)
    PVD_IRQHandler                           0x080001c3   Thumb Code     0  startup_stm32f303xe.o(.text)
    RCC_IRQHandler                           0x080001c3   Thumb Code     0  startup_stm32f303xe.o(.text)
    RTC_Alarm_IRQHandler                     0x080001c3   Thumb Code     0  startup_stm32f303xe.o(.text)
    RTC_WKUP_IRQHandler                      0x080001c3   Thumb Code     0  startup_stm32f303xe.o(.text)
    SPI1_IRQHandler                          0x080001c3   Thumb Code     0  startup_stm32f303xe.o(.text)
    SPI2_IRQHandler                          0x080001c3   Thumb Code     0  startup_stm32f303xe.o(.text)
    SPI3_IRQHandler                          0x080001c3   Thumb Code     0  startup_stm32f303xe.o(.text)
    SPI4_IRQHandler                          0x080001c3   Thumb Code     0  startup_stm32f303xe.o(.text)
    TAMP_STAMP_IRQHandler                    0x080001c3   Thumb Code     0  startup_stm32f303xe.o(.text)
    TIM1_BRK_TIM15_IRQHandler                0x080001c3   Thumb Code     0  startup_stm32f303xe.o(.text)
    TIM1_CC_IRQHandler                       0x080001c3   Thumb Code     0  startup_stm32f303xe.o(.text)
    TIM1_TRG_COM_TIM17_IRQHandler            0x080001c3   Thumb Code     0  startup_stm32f303xe.o(.text)
    TIM1_UP_TIM16_IRQHandler                 0x080001c3   Thumb Code     0  startup_stm32f303xe.o(.text)
    TIM20_BRK_IRQHandler                     0x080001c3   Thumb Code     0  startup_stm32f303xe.o(.text)
    TIM20_CC_IRQHandler                      0x080001c3   Thumb Code     0  startup_stm32f303xe.o(.text)
    TIM20_TRG_COM_IRQHandler                 0x080001c3   Thumb Code     0  startup_stm32f303xe.o(.text)
    TIM20_UP_IRQHandler                      0x080001c3   Thumb Code     0  startup_stm32f303xe.o(.text)
    TIM4_IRQHandler                          0x080001c3   Thumb Code     0  startup_stm32f303xe.o(.text)
    TIM6_DAC_IRQHandler                      0x080001c3   Thumb Code     0  startup_stm32f303xe.o(.text)
    TIM7_IRQHandler                          0x080001c3   Thumb Code     0  startup_stm32f303xe.o(.text)
    TIM8_BRK_IRQHandler                      0x080001c3   Thumb Code     0  startup_stm32f303xe.o(.text)
    TIM8_CC_IRQHandler                       0x080001c3   Thumb Code     0  startup_stm32f303xe.o(.text)
    TIM8_TRG_COM_IRQHandler                  0x080001c3   Thumb Code     0  startup_stm32f303xe.o(.text)
    TIM8_UP_IRQHandler                       0x080001c3   Thumb Code     0  startup_stm32f303xe.o(.text)
    UART4_IRQHandler                         0x080001c3   Thumb Code     0  startup_stm32f303xe.o(.text)
    UART5_IRQHandler                         0x080001c3   Thumb Code     0  startup_stm32f303xe.o(.text)
    USART1_IRQHandler                        0x080001c3   Thumb Code     0  startup_stm32f303xe.o(.text)
    USART3_IRQHandler                        0x080001c3   Thumb Code     0  startup_stm32f303xe.o(.text)
    USBWakeUp_IRQHandler                     0x080001c3   Thumb Code     0  startup_stm32f303xe.o(.text)
    USBWakeUp_RMP_IRQHandler                 0x080001c3   Thumb Code     0  startup_stm32f303xe.o(.text)
    USB_HP_CAN_TX_IRQHandler                 0x080001c3   Thumb Code     0  startup_stm32f303xe.o(.text)
    USB_HP_IRQHandler                        0x080001c3   Thumb Code     0  startup_stm32f303xe.o(.text)
    USB_LP_CAN_RX0_IRQHandler                0x080001c3   Thumb Code     0  startup_stm32f303xe.o(.text)
    USB_LP_IRQHandler                        0x080001c3   Thumb Code     0  startup_stm32f303xe.o(.text)
    WWDG_IRQHandler                          0x080001c3   Thumb Code     0  startup_stm32f303xe.o(.text)
    __aeabi_llsr                             0x080001cd   Thumb Code    32  llushr.o(.text)
    _ll_ushift_r                             0x080001cd   Thumb Code     0  llushr.o(.text)
    strtol                                   0x080001ed   Thumb Code   112  strtol.o(.text)
    __aeabi_uldivmod                         0x0800025d   Thumb Code    98  uldiv.o(.text)
    __rt_ctype_table                         0x080002c1   Thumb Code     4  ctype_o.o(.text)
    _strtoul                                 0x080002c9   Thumb Code   158  _strtoul.o(.text)
    __scatterload                            0x08000369   Thumb Code    28  init.o(.text)
    __scatterload_rt2                        0x08000369   Thumb Code     0  init.o(.text)
    __aeabi_llsl                             0x0800038d   Thumb Code    30  llshl.o(.text)
    _ll_shift_l                              0x0800038d   Thumb Code     0  llshl.o(.text)
    _chval                                   0x080003ab   Thumb Code    28  _chval.o(.text)
    BusFault_Handler                         0x080003c7   Thumb Code     2  stm32f3xx_it.o(i.BusFault_Handler)
    DebugMon_Handler                         0x0800045b   Thumb Code     2  stm32f3xx_it.o(i.DebugMon_Handler)
    EXTI9_5_IRQHandler                       0x0800045d   Thumb Code   154  template.o(i.EXTI9_5_IRQHandler)
    HAL_CRCEx_Polynomial_Set                 0x08000505   Thumb Code    72  stm32f3xx_hal_crc_ex.o(i.HAL_CRCEx_Polynomial_Set)
    HAL_CRC_Accumulate                       0x0800054d   Thumb Code    88  stm32f3xx_hal_crc.o(i.HAL_CRC_Accumulate)
    HAL_CRC_Calculate                        0x080005a5   Thumb Code   102  stm32f3xx_hal_crc.o(i.HAL_CRC_Calculate)
    HAL_CRC_Init                             0x0800060d   Thumb Code   112  stm32f3xx_hal_crc.o(i.HAL_CRC_Init)
    HAL_CRC_MspInit                          0x08000681   Thumb Code    30  stm32f3xx_hal_msp.o(i.HAL_CRC_MspInit)
    HAL_DMA_Abort_IT                         0x080006a9   Thumb Code    74  stm32f3xx_hal_dma.o(i.HAL_DMA_Abort_IT)
    HAL_GPIO_EXTI_Callback                   0x080006f3   Thumb Code     2  stm32f3xx_hal_gpio.o(i.HAL_GPIO_EXTI_Callback)
    HAL_GPIO_EXTI_IRQHandler                 0x080006f5   Thumb Code    18  stm32f3xx_hal_gpio.o(i.HAL_GPIO_EXTI_IRQHandler)
    HAL_GPIO_Init                            0x0800070d   Thumb Code   390  stm32f3xx_hal_gpio.o(i.HAL_GPIO_Init)
    HAL_GPIO_ReadPin                         0x080008b9   Thumb Code    10  stm32f3xx_hal_gpio.o(i.HAL_GPIO_ReadPin)
    HAL_GPIO_WritePin                        0x080008c3   Thumb Code    10  stm32f3xx_hal_gpio.o(i.HAL_GPIO_WritePin)
    HAL_GetTick                              0x080008cd   Thumb Code     6  stm32f3xx_hal.o(i.HAL_GetTick)
    HAL_IncTick                              0x080008d9   Thumb Code    10  stm32f3xx_hal.o(i.HAL_IncTick)
    HAL_Init                                 0x080008e9   Thumb Code    32  stm32f3xx_hal.o(i.HAL_Init)
    HAL_InitTick                             0x0800090d   Thumb Code    34  stm32f3xx_hal.o(i.HAL_InitTick)
    HAL_MspInit                              0x08000935   Thumb Code   122  stm32f3xx_hal_msp.o(i.HAL_MspInit)
    HAL_NVIC_EnableIRQ                       0x080009b5   Thumb Code    22  stm32f3xx_hal_cortex.o(i.HAL_NVIC_EnableIRQ)
    HAL_NVIC_SetPriority                     0x080009cd   Thumb Code    60  stm32f3xx_hal_cortex.o(i.HAL_NVIC_SetPriority)
    HAL_NVIC_SetPriorityGrouping             0x08000a0d   Thumb Code    26  stm32f3xx_hal_cortex.o(i.HAL_NVIC_SetPriorityGrouping)
    HAL_RCCEx_PeriphCLKConfig                0x08000a31   Thumb Code   648  stm32f3xx_hal_rcc_ex.o(i.HAL_RCCEx_PeriphCLKConfig)
    HAL_RCC_ClockConfig                      0x08000cc5   Thumb Code   366  stm32f3xx_hal_rcc.o(i.HAL_RCC_ClockConfig)
    HAL_RCC_GetHCLKFreq                      0x08000e45   Thumb Code     6  stm32f3xx_hal_rcc.o(i.HAL_RCC_GetHCLKFreq)
    HAL_RCC_GetPCLK1Freq                     0x08000e51   Thumb Code    34  stm32f3xx_hal_rcc.o(i.HAL_RCC_GetPCLK1Freq)
    HAL_RCC_GetPCLK2Freq                     0x08000e81   Thumb Code    34  stm32f3xx_hal_rcc.o(i.HAL_RCC_GetPCLK2Freq)
    HAL_RCC_GetSysClockFreq                  0x08000eb1   Thumb Code    76  stm32f3xx_hal_rcc.o(i.HAL_RCC_GetSysClockFreq)
    HAL_RCC_OscConfig                        0x08000f09   Thumb Code  1450  stm32f3xx_hal_rcc.o(i.HAL_RCC_OscConfig)
    HAL_SYSTICK_CLKSourceConfig              0x080014b3   Thumb Code    24  stm32f3xx_hal_cortex.o(i.HAL_SYSTICK_CLKSourceConfig)
    HAL_SYSTICK_Callback                     0x080014cb   Thumb Code     2  stm32f3xx_hal_cortex.o(i.HAL_SYSTICK_Callback)
    HAL_SYSTICK_Config                       0x080014cd   Thumb Code    40  stm32f3xx_hal_cortex.o(i.HAL_SYSTICK_Config)
    HAL_SYSTICK_IRQHandler                   0x080014f5   Thumb Code     8  stm32f3xx_hal_cortex.o(i.HAL_SYSTICK_IRQHandler)
    HAL_TIMEx_BreakCallback                  0x080014fd   Thumb Code     2  stm32f3xx_hal_tim_ex.o(i.HAL_TIMEx_BreakCallback)
    HAL_TIMEx_CommutationCallback            0x080014ff   Thumb Code     2  stm32f3xx_hal_tim_ex.o(i.HAL_TIMEx_CommutationCallback)
    HAL_TIMEx_MasterConfigSynchronization    0x08001501   Thumb Code    84  stm32f3xx_hal_tim_ex.o(i.HAL_TIMEx_MasterConfigSynchronization)
    HAL_TIM_Base_Init                        0x08001561   Thumb Code    54  stm32f3xx_hal_tim.o(i.HAL_TIM_Base_Init)
    HAL_TIM_Base_MspInit                     0x08001599   Thumb Code    86  stm32f3xx_hal_msp.o(i.HAL_TIM_Base_MspInit)
    HAL_TIM_Base_Start_IT                    0x080015f9   Thumb Code    24  stm32f3xx_hal_tim.o(i.HAL_TIM_Base_Start_IT)
    HAL_TIM_Base_Stop_IT                     0x08001611   Thumb Code    42  stm32f3xx_hal_tim.o(i.HAL_TIM_Base_Stop_IT)
    HAL_TIM_ConfigClockSource                0x0800163d   Thumb Code   244  stm32f3xx_hal_tim.o(i.HAL_TIM_ConfigClockSource)
    HAL_TIM_IC_CaptureCallback               0x08001735   Thumb Code     2  stm32f3xx_hal_tim.o(i.HAL_TIM_IC_CaptureCallback)
    HAL_TIM_IRQHandler                       0x08001737   Thumb Code   358  stm32f3xx_hal_tim.o(i.HAL_TIM_IRQHandler)
    HAL_TIM_OC_DelayElapsedCallback          0x0800189d   Thumb Code     2  stm32f3xx_hal_tim.o(i.HAL_TIM_OC_DelayElapsedCallback)
    HAL_TIM_PWM_PulseFinishedCallback        0x0800189f   Thumb Code     2  stm32f3xx_hal_tim.o(i.HAL_TIM_PWM_PulseFinishedCallback)
    HAL_TIM_PeriodElapsedCallback            0x080018a1   Thumb Code     2  stm32f3xx_hal_tim.o(i.HAL_TIM_PeriodElapsedCallback)
    HAL_TIM_TriggerCallback                  0x080018a3   Thumb Code     2  stm32f3xx_hal_tim.o(i.HAL_TIM_TriggerCallback)
    HAL_UARTEx_WakeupCallback                0x080018a5   Thumb Code     2  stm32f3xx_hal_uart_ex.o(i.HAL_UARTEx_WakeupCallback)
    HAL_UART_ErrorCallback                   0x080018a7   Thumb Code     2  stm32f3xx_hal_uart.o(i.HAL_UART_ErrorCallback)
    HAL_UART_IRQHandler                      0x080018a9   Thumb Code   316  stm32f3xx_hal_uart.o(i.HAL_UART_IRQHandler)
    HAL_UART_Init                            0x080019e9   Thumb Code   106  stm32f3xx_hal_uart.o(i.HAL_UART_Init)
    HAL_UART_MspInit                         0x08001a55   Thumb Code    64  stm32f3xx_hal_msp.o(i.HAL_UART_MspInit)
    HAL_UART_Receive_IT                      0x08001a9d   Thumb Code   140  stm32f3xx_hal_uart.o(i.HAL_UART_Receive_IT)
    HAL_UART_RxCpltCallback                  0x08001b29   Thumb Code     2  stm32f3xx_hal_uart.o(i.HAL_UART_RxCpltCallback)
    HAL_UART_Transmit                        0x08001b2b   Thumb Code   180  stm32f3xx_hal_uart.o(i.HAL_UART_Transmit)
    HAL_UART_TxCpltCallback                  0x08001bdf   Thumb Code     2  stm32f3xx_hal_uart.o(i.HAL_UART_TxCpltCallback)
    HardFault_Handler                        0x08001be1   Thumb Code     2  stm32f3xx_it.o(i.HardFault_Handler)
    LLC_RX                                   0x08001be5   Thumb Code   154  main.o(i.LLC_RX)
    MAC_RX                                   0x08001d09   Thumb Code   374  main.o(i.MAC_RX)
    MAC_TX                                   0x08001e8d   Thumb Code   410  main.o(i.MAC_TX)
    MemManage_Handler                        0x080021e5   Thumb Code     2  stm32f3xx_it.o(i.MemManage_Handler)
    NMI_Handler                              0x080021e7   Thumb Code     2  stm32f3xx_it.o(i.NMI_Handler)
    PendSV_Handler                           0x08002209   Thumb Code     2  stm32f3xx_it.o(i.PendSV_Handler)
    SVC_Handler                              0x0800220b   Thumb Code     2  stm32f3xx_it.o(i.SVC_Handler)
    SysTick_Handler                          0x0800220d   Thumb Code    14  stm32f3xx_it.o(i.SysTick_Handler)
    SystemClock_Config                       0x0800221d   Thumb Code   126  main.o(i.SystemClock_Config)
    SystemInit                               0x080022a1   Thumb Code    82  system_stm32f3xx.o(i.SystemInit)
    TIM2_IRQHandler                          0x08002309   Thumb Code    12  stm32f3xx_it.o(i.TIM2_IRQHandler)
    TIM3_IRQHandler                          0x0800231d   Thumb Code    12  stm32f3xx_it.o(i.TIM3_IRQHandler)
    TIM_Base_SetConfig                       0x08002331   Thumb Code   164  stm32f3xx_hal_tim.o(i.TIM_Base_SetConfig)
    TIM_ETR_SetConfig                        0x080023f5   Thumb Code    20  stm32f3xx_hal_tim.o(i.TIM_ETR_SetConfig)
    UART_AdvFeatureConfig                    0x0800245f   Thumb Code   200  stm32f3xx_hal_uart.o(i.UART_AdvFeatureConfig)
    UART_CheckIdleState                      0x08002527   Thumb Code    92  stm32f3xx_hal_uart.o(i.UART_CheckIdleState)
    UART_EndTransmit_IT                      0x080025b3   Thumb Code    26  stm32f3xx_hal_uart.o(i.UART_EndTransmit_IT)
    UART_Receive_IT                          0x080025cd   Thumb Code   118  stm32f3xx_hal_uart.o(i.UART_Receive_IT)
    UART_SetConfig                           0x08002645   Thumb Code   432  stm32f3xx_hal_uart.o(i.UART_SetConfig)
    UART_Transmit_IT                         0x08002819   Thumb Code    98  stm32f3xx_hal_uart.o(i.UART_Transmit_IT)
    UART_WaitOnFlagUntilTimeout              0x0800287b   Thumb Code    98  stm32f3xx_hal_uart.o(i.UART_WaitOnFlagUntilTimeout)
    USART2_IRQHandler                        0x080028dd   Thumb Code   224  template.o(i.USART2_IRQHandler)
    UsageFault_Handler                       0x080029fd   Thumb Code     2  stm32f3xx_it.o(i.UsageFault_Handler)
    __0printf$8                              0x08002a01   Thumb Code    22  printf8.o(i.__0printf$8)
    __1printf$8                              0x08002a01   Thumb Code     0  printf8.o(i.__0printf$8)
    __2printf                                0x08002a01   Thumb Code     0  printf8.o(i.__0printf$8)
    __aeabi_errno_addr                       0x08002a21   Thumb Code     4  errno.o(i.__aeabi_errno_addr)
    __rt_errno_addr                          0x08002a21   Thumb Code     0  errno.o(i.__aeabi_errno_addr)
    __scatterload_copy                       0x08002a29   Thumb Code    14  handlers.o(i.__scatterload_copy)
    __scatterload_null                       0x08002a37   Thumb Code     2  handlers.o(i.__scatterload_null)
    __scatterload_zeroinit                   0x08002a39   Thumb Code    14  handlers.o(i.__scatterload_zeroinit)
    debug                                    0x08002ead   Thumb Code    76  main.o(i.debug)
    fputc                                    0x08002f05   Thumb Code    18  template.o(i.fputc)
    free                                     0x08002f1d   Thumb Code    76  malloc.o(i.free)
    getByte                                  0x08002f6d   Thumb Code    10  template.o(i.getByte)
    getTxRequeset                            0x08002f7d   Thumb Code    18  template.o(i.getTxRequeset)
    isNewTxRequest                           0x08002f95   Thumb Code    18  template.o(i.isNewTxRequest)
    isPhyTxReady                             0x08002fad   Thumb Code    14  template.o(i.isPhyTxReady)
    isRxByteReady                            0x08002fc1   Thumb Code     6  template.o(i.isRxByteReady)
    main                                     0x08002fcd   Thumb Code   184  main.o(i.main)
    malloc                                   0x080030fd   Thumb Code    92  malloc.o(i.malloc)
    printer                                  0x08003169   Thumb Code    86  template.o(i.printer)
    puts                                     0x080031e1   Thumb Code    30  puts.o(i.puts)
    readBus                                  0x08003205   Thumb Code    78  template.o(i.readBus)
    sendByte                                 0x08003261   Thumb Code    18  template.o(i.sendByte)
    aPLLMULFactorTable                       0x08003278   Data          16  stm32f3xx_hal_rcc.o(.constdata)
    aPredivFactorTable                       0x08003288   Data          16  stm32f3xx_hal_rcc.o(.constdata)
    AHBPrescTable                            0x08003298   Data          16  system_stm32f3xx.o(.constdata)
    APBPrescTable                            0x080032a8   Data           8  system_stm32f3xx.o(.constdata)
    __ctype_table                            0x080032b0   Data         129  ctype_o.o(.constdata)
    Region$$Table$$Base                      0x080036f0   Number         0  anon$$obj.o(Region$$Table)
    Region$$Table$$Limit                     0x08003710   Number         0  anon$$obj.o(Region$$Table)
    tx_data_wire                             0x20000000   Data           1  main.o(.data)
    tx_vld_wire                              0x20000001   Data           1  main.o(.data)
    phy_clk_wire                             0x20000002   Data           1  main.o(.data)
    phy_busy_wire                            0x20000003   Data           1  main.o(.data)
    phy_reset_wire                           0x20000004   Data           1  main.o(.data)
    rx_data_wire                             0x20000005   Data           1  main.o(.data)
    rx_vld_wire                              0x20000006   Data           1  main.o(.data)
    frame_ended                              0x20000007   Data           1  main.o(.data)
    gap_time_passed                          0x20000008   Data           1  main.o(.data)
    is_frame_ready                           0x2000000c   Data           4  main.o(.data)
    myMAC                                    0x2000003c   Data           6  main.o(.data)
    newTxDataAvaliable                       0x20000044   Data           1  template.o(.data)
    newTxData                                0x20000045   Data           1  template.o(.data)
    newRxDataAvaliable                       0x20000046   Data           1  template.o(.data)
    newRxData                                0x20000047   Data           1  template.o(.data)
    DllAlive                                 0x20000048   Data           1  template.o(.data)
    printer_flag                             0x20000049   Data           1  template.o(.data)
    req_desc                                 0x20000058   Data           4  template.o(.data)
    recieved_value                           0x2000005c   Data           1  template.o(.data)
    uwTick                                   0x20000060   Data           4  stm32f3xx_hal.o(.data)
    SystemCoreClock                          0x20000064   Data           4  system_stm32f3xx.o(.data)
    __stdout                                 0x20000068   Data           4  stdout.o(.data)
    __microlib_freelist                      0x2000006c   Data           4  mvars.o(.data)
    __microlib_freelist_initialised          0x20000070   Data           4  mvars.o(.data)
    hcrc                                     0x2000066c   Data          36  main.o(.bss)
    htim2                                    0x20000690   Data          64  main.o(.bss)
    htim3                                    0x200006d0   Data          64  main.o(.bss)
    huart2                                   0x20000710   Data         112  main.o(.bss)
    frame_res                                0x20000780   Data          28  main.o(.bss)
    __heap_base                              0x200007a0   Data           0  startup_stm32f303xe.o(HEAP)
    __heap_limit                             0x2000e7a0   Data           0  startup_stm32f303xe.o(HEAP)
    __initial_sp                             0x2000fba0   Data           0  startup_stm32f303xe.o(STACK)



==============================================================================

Memory Map of the image

  Image Entry point : 0x08000195

  Load Region LR_IROM1 (Base: 0x08000000, Size: 0x00003788, Max: 0x00080000, ABSOLUTE)

    Execution Region ER_IROM1 (Exec base: 0x08000000, Load base: 0x08000000, Size: 0x00003710, Max: 0x00080000, ABSOLUTE)

    Exec Addr    Load Addr    Size         Type   Attr      Idx    E Section Name        Object

    0x08000000   0x08000000   0x00000194   Data   RO            3    RESET               startup_stm32f303xe.o
    0x08000194   0x08000194   0x00000000   Code   RO         3325  * .ARM.Collect$$$$00000000  mc_w.l(entry.o)
    0x08000194   0x08000194   0x00000004   Code   RO         3631    .ARM.Collect$$$$00000001  mc_w.l(entry2.o)
    0x08000198   0x08000198   0x00000004   Code   RO         3634    .ARM.Collect$$$$00000004  mc_w.l(entry5.o)
    0x0800019c   0x0800019c   0x00000000   Code   RO         3636    .ARM.Collect$$$$00000008  mc_w.l(entry7b.o)
    0x0800019c   0x0800019c   0x00000000   Code   RO         3638    .ARM.Collect$$$$0000000A  mc_w.l(entry8b.o)
    0x0800019c   0x0800019c   0x00000008   Code   RO         3639    .ARM.Collect$$$$0000000B  mc_w.l(entry9a.o)
    0x080001a4   0x080001a4   0x00000000   Code   RO         3641    .ARM.Collect$$$$0000000D  mc_w.l(entry10a.o)
    0x080001a4   0x080001a4   0x00000000   Code   RO         3643    .ARM.Collect$$$$0000000F  mc_w.l(entry11a.o)
    0x080001a4   0x080001a4   0x00000004   Code   RO         3632    .ARM.Collect$$$$00002712  mc_w.l(entry2.o)
    0x080001a8   0x080001a8   0x00000024   Code   RO            4    .text               startup_stm32f303xe.o
    0x080001cc   0x080001cc   0x00000020   Code   RO         3332    .text               mc_w.l(llushr.o)
    0x080001ec   0x080001ec   0x00000070   Code   RO         3629    .text               mc_w.l(strtol.o)
    0x0800025c   0x0800025c   0x00000062   Code   RO         3648    .text               mc_w.l(uldiv.o)
    0x080002be   0x080002be   0x00000002   PAD
    0x080002c0   0x080002c0   0x00000008   Code   RO         3650    .text               mc_w.l(ctype_o.o)
    0x080002c8   0x080002c8   0x0000009e   Code   RO         3687    .text               mc_w.l(_strtoul.o)
    0x08000366   0x08000366   0x00000002   PAD
    0x08000368   0x08000368   0x00000024   Code   RO         3700    .text               mc_w.l(init.o)
    0x0800038c   0x0800038c   0x0000001e   Code   RO         3702    .text               mc_w.l(llshl.o)
    0x080003aa   0x080003aa   0x0000001c   Code   RO         3706    .text               mc_w.l(_chval.o)
    0x080003c6   0x080003c6   0x00000002   Code   RO          214    i.BusFault_Handler  stm32f3xx_it.o
    0x080003c8   0x080003c8   0x0000002e   Code   RO          472    i.CRC_Handle_16     stm32f3xx_hal_crc.o
    0x080003f6   0x080003f6   0x00000064   Code   RO          473    i.CRC_Handle_8      stm32f3xx_hal_crc.o
    0x0800045a   0x0800045a   0x00000002   Code   RO          215    i.DebugMon_Handler  stm32f3xx_it.o
    0x0800045c   0x0800045c   0x000000a8   Code   RO          362    i.EXTI9_5_IRQHandler  template.o
    0x08000504   0x08000504   0x00000048   Code   RO          544    i.HAL_CRCEx_Polynomial_Set  stm32f3xx_hal_crc_ex.o
    0x0800054c   0x0800054c   0x00000058   Code   RO          474    i.HAL_CRC_Accumulate  stm32f3xx_hal_crc.o
    0x080005a4   0x080005a4   0x00000066   Code   RO          475    i.HAL_CRC_Calculate  stm32f3xx_hal_crc.o
    0x0800060a   0x0800060a   0x00000002   PAD
    0x0800060c   0x0800060c   0x00000074   Code   RO          478    i.HAL_CRC_Init      stm32f3xx_hal_crc.o
    0x08000680   0x08000680   0x00000028   Code   RO          303    i.HAL_CRC_MspInit   stm32f3xx_hal_msp.o
    0x080006a8   0x080006a8   0x0000004a   Code   RO         2250    i.HAL_DMA_Abort_IT  stm32f3xx_hal_dma.o
    0x080006f2   0x080006f2   0x00000002   Code   RO         2182    i.HAL_GPIO_EXTI_Callback  stm32f3xx_hal_gpio.o
    0x080006f4   0x080006f4   0x00000018   Code   RO         2183    i.HAL_GPIO_EXTI_IRQHandler  stm32f3xx_hal_gpio.o
    0x0800070c   0x0800070c   0x000001ac   Code   RO         2184    i.HAL_GPIO_Init     stm32f3xx_hal_gpio.o
    0x080008b8   0x080008b8   0x0000000a   Code   RO         2186    i.HAL_GPIO_ReadPin  stm32f3xx_hal_gpio.o
    0x080008c2   0x080008c2   0x0000000a   Code   RO         2188    i.HAL_GPIO_WritePin  stm32f3xx_hal_gpio.o
    0x080008cc   0x080008cc   0x0000000c   Code   RO         1910    i.HAL_GetTick       stm32f3xx_hal.o
    0x080008d8   0x080008d8   0x00000010   Code   RO         1911    i.HAL_IncTick       stm32f3xx_hal.o
    0x080008e8   0x080008e8   0x00000024   Code   RO         1912    i.HAL_Init          stm32f3xx_hal.o
    0x0800090c   0x0800090c   0x00000028   Code   RO         1913    i.HAL_InitTick      stm32f3xx_hal.o
    0x08000934   0x08000934   0x00000080   Code   RO          304    i.HAL_MspInit       stm32f3xx_hal_msp.o
    0x080009b4   0x080009b4   0x00000016   Code   RO         2352    i.HAL_NVIC_EnableIRQ  stm32f3xx_hal_cortex.o
    0x080009ca   0x080009ca   0x00000002   PAD
    0x080009cc   0x080009cc   0x00000040   Code   RO         2358    i.HAL_NVIC_SetPriority  stm32f3xx_hal_cortex.o
    0x08000a0c   0x08000a0c   0x00000024   Code   RO         2359    i.HAL_NVIC_SetPriorityGrouping  stm32f3xx_hal_cortex.o
    0x08000a30   0x08000a30   0x00000294   Code   RO         2141    i.HAL_RCCEx_PeriphCLKConfig  stm32f3xx_hal_rcc_ex.o
    0x08000cc4   0x08000cc4   0x00000180   Code   RO         2035    i.HAL_RCC_ClockConfig  stm32f3xx_hal_rcc.o
    0x08000e44   0x08000e44   0x0000000c   Code   RO         2040    i.HAL_RCC_GetHCLKFreq  stm32f3xx_hal_rcc.o
    0x08000e50   0x08000e50   0x00000030   Code   RO         2042    i.HAL_RCC_GetPCLK1Freq  stm32f3xx_hal_rcc.o
    0x08000e80   0x08000e80   0x00000030   Code   RO         2043    i.HAL_RCC_GetPCLK2Freq  stm32f3xx_hal_rcc.o
    0x08000eb0   0x08000eb0   0x00000058   Code   RO         2044    i.HAL_RCC_GetSysClockFreq  stm32f3xx_hal_rcc.o
    0x08000f08   0x08000f08   0x000005aa   Code   RO         2047    i.HAL_RCC_OscConfig  stm32f3xx_hal_rcc.o
    0x080014b2   0x080014b2   0x00000018   Code   RO         2361    i.HAL_SYSTICK_CLKSourceConfig  stm32f3xx_hal_cortex.o
    0x080014ca   0x080014ca   0x00000002   Code   RO         2362    i.HAL_SYSTICK_Callback  stm32f3xx_hal_cortex.o
    0x080014cc   0x080014cc   0x00000028   Code   RO         2363    i.HAL_SYSTICK_Config  stm32f3xx_hal_cortex.o
    0x080014f4   0x080014f4   0x00000008   Code   RO         2364    i.HAL_SYSTICK_IRQHandler  stm32f3xx_hal_cortex.o
    0x080014fc   0x080014fc   0x00000002   Code   RO         1212    i.HAL_TIMEx_BreakCallback  stm32f3xx_hal_tim_ex.o
    0x080014fe   0x080014fe   0x00000002   Code   RO         1213    i.HAL_TIMEx_CommutationCallback  stm32f3xx_hal_tim_ex.o
    0x08001500   0x08001500   0x00000060   Code   RO         1230    i.HAL_TIMEx_MasterConfigSynchronization  stm32f3xx_hal_tim_ex.o
    0x08001560   0x08001560   0x00000036   Code   RO          580    i.HAL_TIM_Base_Init  stm32f3xx_hal_tim.o
    0x08001596   0x08001596   0x00000002   PAD
    0x08001598   0x08001598   0x00000060   Code   RO          306    i.HAL_TIM_Base_MspInit  stm32f3xx_hal_msp.o
    0x080015f8   0x080015f8   0x00000018   Code   RO          585    i.HAL_TIM_Base_Start_IT  stm32f3xx_hal_tim.o
    0x08001610   0x08001610   0x0000002a   Code   RO          588    i.HAL_TIM_Base_Stop_IT  stm32f3xx_hal_tim.o
    0x0800163a   0x0800163a   0x00000002   PAD
    0x0800163c   0x0800163c   0x000000f8   Code   RO          589    i.HAL_TIM_ConfigClockSource  stm32f3xx_hal_tim.o
    0x08001734   0x08001734   0x00000002   Code   RO          609    i.HAL_TIM_IC_CaptureCallback  stm32f3xx_hal_tim.o
    0x08001736   0x08001736   0x00000166   Code   RO          622    i.HAL_TIM_IRQHandler  stm32f3xx_hal_tim.o
    0x0800189c   0x0800189c   0x00000002   Code   RO          625    i.HAL_TIM_OC_DelayElapsedCallback  stm32f3xx_hal_tim.o
    0x0800189e   0x0800189e   0x00000002   Code   RO          652    i.HAL_TIM_PWM_PulseFinishedCallback  stm32f3xx_hal_tim.o
    0x080018a0   0x080018a0   0x00000002   Code   RO          659    i.HAL_TIM_PeriodElapsedCallback  stm32f3xx_hal_tim.o
    0x080018a2   0x080018a2   0x00000002   Code   RO          663    i.HAL_TIM_TriggerCallback  stm32f3xx_hal_tim.o
    0x080018a4   0x080018a4   0x00000002   Code   RO         1850    i.HAL_UARTEx_WakeupCallback  stm32f3xx_hal_uart_ex.o
    0x080018a6   0x080018a6   0x00000002   Code   RO         1507    i.HAL_UART_ErrorCallback  stm32f3xx_hal_uart.o
    0x080018a8   0x080018a8   0x00000140   Code   RO         1510    i.HAL_UART_IRQHandler  stm32f3xx_hal_uart.o
    0x080019e8   0x080019e8   0x0000006a   Code   RO         1511    i.HAL_UART_Init     stm32f3xx_hal_uart.o
    0x08001a52   0x08001a52   0x00000002   PAD
    0x08001a54   0x08001a54   0x00000048   Code   RO          308    i.HAL_UART_MspInit  stm32f3xx_hal_msp.o
    0x08001a9c   0x08001a9c   0x0000008c   Code   RO         1516    i.HAL_UART_Receive_IT  stm32f3xx_hal_uart.o
    0x08001b28   0x08001b28   0x00000002   Code   RO         1517    i.HAL_UART_RxCpltCallback  stm32f3xx_hal_uart.o
    0x08001b2a   0x08001b2a   0x000000b4   Code   RO         1519    i.HAL_UART_Transmit  stm32f3xx_hal_uart.o
    0x08001bde   0x08001bde   0x00000002   Code   RO         1522    i.HAL_UART_TxCpltCallback  stm32f3xx_hal_uart.o
    0x08001be0   0x08001be0   0x00000002   Code   RO          216    i.HardFault_Handler  stm32f3xx_it.o
    0x08001be2   0x08001be2   0x00000002   PAD
    0x08001be4   0x08001be4   0x00000124   Code   RO           13    i.LLC_RX            main.o
    0x08001d08   0x08001d08   0x00000184   Code   RO           14    i.MAC_RX            main.o
    0x08001e8c   0x08001e8c   0x000001a4   Code   RO           15    i.MAC_TX            main.o
    0x08002030   0x08002030   0x000000d0   Code   RO           16    i.MX_GPIO_Init      main.o
    0x08002100   0x08002100   0x00000054   Code   RO           17    i.MX_TIM2_Init      main.o
    0x08002154   0x08002154   0x00000058   Code   RO           18    i.MX_TIM3_Init      main.o
    0x080021ac   0x080021ac   0x00000038   Code   RO           19    i.MX_USART2_UART_Init  main.o
    0x080021e4   0x080021e4   0x00000002   Code   RO          217    i.MemManage_Handler  stm32f3xx_it.o
    0x080021e6   0x080021e6   0x00000002   Code   RO          218    i.NMI_Handler       stm32f3xx_it.o
    0x080021e8   0x080021e8   0x00000020   Code   RO         2365    i.NVIC_SetPriority  stm32f3xx_hal_cortex.o
    0x08002208   0x08002208   0x00000002   Code   RO          219    i.PendSV_Handler    stm32f3xx_it.o
    0x0800220a   0x0800220a   0x00000002   Code   RO          220    i.SVC_Handler       stm32f3xx_it.o
    0x0800220c   0x0800220c   0x0000000e   Code   RO          221    i.SysTick_Handler   stm32f3xx_it.o
    0x0800221a   0x0800221a   0x00000002   PAD
    0x0800221c   0x0800221c   0x00000084   Code   RO           20    i.SystemClock_Config  main.o
    0x080022a0   0x080022a0   0x00000068   Code   RO         3291    i.SystemInit        system_stm32f3xx.o
    0x08002308   0x08002308   0x00000014   Code   RO          222    i.TIM2_IRQHandler   stm32f3xx_it.o
    0x0800231c   0x0800231c   0x00000014   Code   RO          223    i.TIM3_IRQHandler   stm32f3xx_it.o
    0x08002330   0x08002330   0x000000c4   Code   RO          664    i.TIM_Base_SetConfig  stm32f3xx_hal_tim.o
    0x080023f4   0x080023f4   0x00000014   Code   RO          671    i.TIM_ETR_SetConfig  stm32f3xx_hal_tim.o
    0x08002408   0x08002408   0x00000010   Code   RO          672    i.TIM_ITRx_SetConfig  stm32f3xx_hal_tim.o
    0x08002418   0x08002418   0x00000022   Code   RO          678    i.TIM_TI1_ConfigInputStage  stm32f3xx_hal_tim.o
    0x0800243a   0x0800243a   0x00000024   Code   RO          680    i.TIM_TI2_ConfigInputStage  stm32f3xx_hal_tim.o
    0x0800245e   0x0800245e   0x000000c8   Code   RO         1524    i.UART_AdvFeatureConfig  stm32f3xx_hal_uart.o
    0x08002526   0x08002526   0x0000005c   Code   RO         1525    i.UART_CheckIdleState  stm32f3xx_hal_uart.o
    0x08002582   0x08002582   0x00000014   Code   RO         1526    i.UART_DMAAbortOnError  stm32f3xx_hal_uart.o
    0x08002596   0x08002596   0x0000001c   Code   RO         1536    i.UART_EndRxTransfer  stm32f3xx_hal_uart.o
    0x080025b2   0x080025b2   0x0000001a   Code   RO         1537    i.UART_EndTransmit_IT  stm32f3xx_hal_uart.o
    0x080025cc   0x080025cc   0x00000076   Code   RO         1539    i.UART_Receive_IT   stm32f3xx_hal_uart.o
    0x08002642   0x08002642   0x00000002   PAD
    0x08002644   0x08002644   0x000001d4   Code   RO         1540    i.UART_SetConfig    stm32f3xx_hal_uart.o
    0x08002818   0x08002818   0x00000062   Code   RO         1541    i.UART_Transmit_IT  stm32f3xx_hal_uart.o
    0x0800287a   0x0800287a   0x00000062   Code   RO         1542    i.UART_WaitOnFlagUntilTimeout  stm32f3xx_hal_uart.o
    0x080028dc   0x080028dc   0x00000120   Code   RO          363    i.USART2_IRQHandler  template.o
    0x080029fc   0x080029fc   0x00000002   Code   RO          224    i.UsageFault_Handler  stm32f3xx_it.o
    0x080029fe   0x080029fe   0x00000002   PAD
    0x08002a00   0x08002a00   0x00000020   Code   RO         3547    i.__0printf$8       mc_w.l(printf8.o)
    0x08002a20   0x08002a20   0x00000008   Code   RO         3680    i.__aeabi_errno_addr  mc_w.l(errno.o)
    0x08002a28   0x08002a28   0x0000000e   Code   RO         3712    i.__scatterload_copy  mc_w.l(handlers.o)
    0x08002a36   0x08002a36   0x00000002   Code   RO         3713    i.__scatterload_null  mc_w.l(handlers.o)
    0x08002a38   0x08002a38   0x0000000e   Code   RO         3714    i.__scatterload_zeroinit  mc_w.l(handlers.o)
    0x08002a46   0x08002a46   0x00000002   PAD
    0x08002a48   0x08002a48   0x00000410   Code   RO         3554    i._printf_core      mc_w.l(printf8.o)
    0x08002e58   0x08002e58   0x00000024   Code   RO         3555    i._printf_post_padding  mc_w.l(printf8.o)
    0x08002e7c   0x08002e7c   0x0000002e   Code   RO         3556    i._printf_pre_padding  mc_w.l(printf8.o)
    0x08002eaa   0x08002eaa   0x00000002   PAD
    0x08002eac   0x08002eac   0x00000058   Code   RO           22    i.debug             main.o
    0x08002f04   0x08002f04   0x00000018   Code   RO          365    i.fputc             template.o
    0x08002f1c   0x08002f1c   0x00000050   Code   RO         3601    i.free              mc_w.l(malloc.o)
    0x08002f6c   0x08002f6c   0x00000010   Code   RO          366    i.getByte           template.o
    0x08002f7c   0x08002f7c   0x00000018   Code   RO          367    i.getTxRequeset     template.o
    0x08002f94   0x08002f94   0x00000018   Code   RO          368    i.isNewTxRequest    template.o
    0x08002fac   0x08002fac   0x00000014   Code   RO          369    i.isPhyTxReady      template.o
    0x08002fc0   0x08002fc0   0x0000000c   Code   RO          370    i.isRxByteReady     template.o
    0x08002fcc   0x08002fcc   0x00000130   Code   RO           23    i.main              main.o
    0x080030fc   0x080030fc   0x0000006c   Code   RO         3602    i.malloc            mc_w.l(malloc.o)
    0x08003168   0x08003168   0x00000078   Code   RO          445    i.printer           template.o
    0x080031e0   0x080031e0   0x00000024   Code   RO         3328    i.puts              mc_w.l(puts.o)
    0x08003204   0x08003204   0x0000005c   Code   RO          371    i.readBus           template.o
    0x08003260   0x08003260   0x00000018   Code   RO          372    i.sendByte          template.o
    0x08003278   0x08003278   0x00000020   Data   RO         2048    .constdata          stm32f3xx_hal_rcc.o
    0x08003298   0x08003298   0x00000010   Data   RO         3292    .constdata          system_stm32f3xx.o
    0x080032a8   0x080032a8   0x00000008   Data   RO         3293    .constdata          system_stm32f3xx.o
    0x080032b0   0x080032b0   0x00000081   Data   RO         3651    .constdata          mc_w.l(ctype_o.o)
    0x08003331   0x08003331   0x00000003   PAD
    0x08003334   0x08003334   0x00000004   Data   RO         3652    .constdata          mc_w.l(ctype_o.o)
    0x08003338   0x08003338   0x000001f5   Data   RO           25    .conststring        main.o
    0x0800352d   0x0800352d   0x00000003   PAD
    0x08003530   0x08003530   0x000001be   Data   RO          373    .conststring        template.o
    0x080036ee   0x080036ee   0x00000002   PAD
    0x080036f0   0x080036f0   0x00000020   Data   RO         3710    Region$$Table       anon$$obj.o


    Execution Region RW_IRAM1 (Exec base: 0x20000000, Load base: 0x08003710, Size: 0x0000fba0, Max: 0x00010000, ABSOLUTE)

    Exec Addr    Load Addr    Size         Type   Attr      Idx    E Section Name        Object

    0x20000000   0x08003710   0x00000042   Data   RW           26    .data               main.o
    0x20000042   0x08003752   0x00000002   PAD
    0x20000044   0x08003754   0x00000018   Data   RW          374    .data               template.o
    0x2000005c   0x0800376c   0x00000001   Data   RW          375    .data               template.o
    0x2000005d   0x0800376d   0x00000003   PAD
    0x20000060   0x08003770   0x00000004   Data   RW         1918    .data               stm32f3xx_hal.o
    0x20000064   0x08003774   0x00000004   Data   RW         3294    .data               system_stm32f3xx.o
    0x20000068   0x08003778   0x00000004   Data   RW         3645    .data               mc_w.l(stdout.o)
    0x2000006c   0x0800377c   0x00000004   Data   RW         3678    .data               mc_w.l(mvars.o)
    0x20000070   0x08003780   0x00000004   Data   RW         3679    .data               mc_w.l(mvars.o)
    0x20000074   0x08003784   0x00000004   Data   RW         3683    .data               mc_w.l(errno.o)
    0x20000078        -       0x00000724   Zero   RW           24    .bss                main.o
    0x2000079c   0x08003788   0x00000004   PAD
    0x200007a0        -       0x0000e000   Zero   RW            2    HEAP                startup_stm32f303xe.o
    0x2000e7a0        -       0x00001400   Zero   RW            1    STACK               startup_stm32f303xe.o


==============================================================================

Image component sizes


      Code (inc. data)   RO Data    RW Data    ZI Data      Debug   Object Name

      2060        348        501         66       1828     664897   main.o
        36          8        404          0      62464        844   startup_stm32f303xe.o
       104         22          0          4          0       3231   stm32f3xx_hal.o
       228         14          0          0          0      32165   stm32f3xx_hal_cortex.o
       452          4          0          0          0       4504   stm32f3xx_hal_crc.o
        72          0          0          0          0       1211   stm32f3xx_hal_crc_ex.o
        74          0          0          0          0       1099   stm32f3xx_hal_dma.o
       474         44          0          0          0       4411   stm32f3xx_hal_gpio.o
       336         34          0          0          0       2890   stm32f3xx_hal_msp.o
      2030         76         32          0          0       6500   stm32f3xx_hal_rcc.o
       660         12          0          0          0       1768   stm32f3xx_hal_rcc_ex.o
      1038         36          0          0          0      11500   stm32f3xx_hal_tim.o
       100         12          0          0          0       2654   stm32f3xx_hal_tim_ex.o
      1900         60          0          0          0      13245   stm32f3xx_hal_uart.o
         2          0          0          0          0        972   stm32f3xx_hal_uart_ex.o
        70         16          0          0          0       5130   stm32f3xx_it.o
       104         22         24          4          0       1187   system_stm32f3xx.o
       812        176        446         25          0       8564   template.o

    ----------------------------------------------------------------------
     10570        884       1444        104      64296     766772   Object Totals
         0          0         32          0          0          0   (incl. Generated)
        18          0          5          5          4          0   (incl. Padding)

    ----------------------------------------------------------------------

      Code (inc. data)   RO Data    RW Data    ZI Data      Debug   Library Member Name

        28          0          0          0          0         68   _chval.o
       158          0          0          0          0         92   _strtoul.o
         8          4        133          0          0         68   ctype_o.o
         0          0          0          0          0          0   entry.o
         0          0          0          0          0          0   entry10a.o
         0          0          0          0          0          0   entry11a.o
         8          4          0          0          0          0   entry2.o
         4          0          0          0          0          0   entry5.o
         0          0          0          0          0          0   entry7b.o
         0          0          0          0          0          0   entry8b.o
         8          4          0          0          0          0   entry9a.o
         8          4          0          4          0         68   errno.o
        30          0          0          0          0          0   handlers.o
        36          8          0          0          0         68   init.o
        30          0          0          0          0         68   llshl.o
        32          0          0          0          0         68   llushr.o
       188         20          0          0          0        160   malloc.o
         0          0          0          8          0          0   mvars.o
      1154         54          0          0          0        352   printf8.o
        36          6          0          0          0         80   puts.o
         0          0          0          4          0          0   stdout.o
       112          0          0          0          0         88   strtol.o
        98          0          0          0          0         92   uldiv.o

    ----------------------------------------------------------------------
      1946        104        136         16          0       1272   Library Totals
         8          0          3          0          0          0   (incl. Padding)

    ----------------------------------------------------------------------

      Code (inc. data)   RO Data    RW Data    ZI Data      Debug   Library Name

      1938        104        133         16          0       1272   mc_w.l

    ----------------------------------------------------------------------
      1946        104        136         16          0       1272   Library Totals

    ----------------------------------------------------------------------

==============================================================================


      Code (inc. data)   RO Data    RW Data    ZI Data      Debug   

     12516        988       1580        120      64296     758176   Grand Totals
     12516        988       1580        120      64296     758176   ELF Image Totals
     12516        988       1580        120          0          0   ROM Totals

==============================================================================

    Total RO  Size (Code + RO Data)                14096 (  13.77kB)
    Total RW  Size (RW Data + ZI Data)             64416 (  62.91kB)
    Total ROM Size (Code + RO Data + RW Data)      14216 (  13.88kB)

==============================================================================

